Archive member included to satisfy reference by file (symbol)

/opt/st/stm32cubeide_1.10.1/plugins/com.st.stm32cube.ide.mcu.externaltools.gnu-tools-for-stm32.10.3-2021.10.linux64_1.0.0.202111181127/tools/bin/../lib/gcc/arm-none-eabi/10.3.1/../../../../arm-none-eabi/lib/thumb/v7-m/nofp/libc_nano.a(lib_a-errno.o)
                              ./Core/Src/syscalls.o (__errno)
/opt/st/stm32cubeide_1.10.1/plugins/com.st.stm32cube.ide.mcu.externaltools.gnu-tools-for-stm32.10.3-2021.10.linux64_1.0.0.202111181127/tools/bin/../lib/gcc/arm-none-eabi/10.3.1/../../../../arm-none-eabi/lib/thumb/v7-m/nofp/libc_nano.a(lib_a-exit.o)
                              /opt/st/stm32cubeide_1.10.1/plugins/com.st.stm32cube.ide.mcu.externaltools.gnu-tools-for-stm32.10.3-2021.10.linux64_1.0.0.202111181127/tools/bin/../lib/gcc/arm-none-eabi/10.3.1/../../../../arm-none-eabi/lib/thumb/v7-m/nofp/crt0.o (exit)
/opt/st/stm32cubeide_1.10.1/plugins/com.st.stm32cube.ide.mcu.externaltools.gnu-tools-for-stm32.10.3-2021.10.linux64_1.0.0.202111181127/tools/bin/../lib/gcc/arm-none-eabi/10.3.1/../../../../arm-none-eabi/lib/thumb/v7-m/nofp/libc_nano.a(lib_a-impure.o)
                              /opt/st/stm32cubeide_1.10.1/plugins/com.st.stm32cube.ide.mcu.externaltools.gnu-tools-for-stm32.10.3-2021.10.linux64_1.0.0.202111181127/tools/bin/../lib/gcc/arm-none-eabi/10.3.1/../../../../arm-none-eabi/lib/thumb/v7-m/nofp/libc_nano.a(lib_a-exit.o) (_global_impure_ptr)
/opt/st/stm32cubeide_1.10.1/plugins/com.st.stm32cube.ide.mcu.externaltools.gnu-tools-for-stm32.10.3-2021.10.linux64_1.0.0.202111181127/tools/bin/../lib/gcc/arm-none-eabi/10.3.1/../../../../arm-none-eabi/lib/thumb/v7-m/nofp/libc_nano.a(lib_a-init.o)
                              /opt/st/stm32cubeide_1.10.1/plugins/com.st.stm32cube.ide.mcu.externaltools.gnu-tools-for-stm32.10.3-2021.10.linux64_1.0.0.202111181127/tools/bin/../lib/gcc/arm-none-eabi/10.3.1/../../../../arm-none-eabi/lib/thumb/v7-m/nofp/crt0.o (__libc_init_array)
/opt/st/stm32cubeide_1.10.1/plugins/com.st.stm32cube.ide.mcu.externaltools.gnu-tools-for-stm32.10.3-2021.10.linux64_1.0.0.202111181127/tools/bin/../lib/gcc/arm-none-eabi/10.3.1/../../../../arm-none-eabi/lib/thumb/v7-m/nofp/libc_nano.a(lib_a-memset.o)
                              /opt/st/stm32cubeide_1.10.1/plugins/com.st.stm32cube.ide.mcu.externaltools.gnu-tools-for-stm32.10.3-2021.10.linux64_1.0.0.202111181127/tools/bin/../lib/gcc/arm-none-eabi/10.3.1/../../../../arm-none-eabi/lib/thumb/v7-m/nofp/crt0.o (memset)
/opt/st/stm32cubeide_1.10.1/plugins/com.st.stm32cube.ide.mcu.externaltools.gnu-tools-for-stm32.10.3-2021.10.linux64_1.0.0.202111181127/tools/bin/../lib/gcc/arm-none-eabi/10.3.1/../../../../arm-none-eabi/lib/thumb/v7-m/nofp/libm.a(lib_a-s_round.o)
                              ./Core/Src/main.o (round)
/opt/st/stm32cubeide_1.10.1/plugins/com.st.stm32cube.ide.mcu.externaltools.gnu-tools-for-stm32.10.3-2021.10.linux64_1.0.0.202111181127/tools/bin/../lib/gcc/arm-none-eabi/10.3.1/thumb/v7-m/nofp/libgcc.a(_arm_muldf3.o)
                              ./Core/Src/main.o (__aeabi_dmul)
/opt/st/stm32cubeide_1.10.1/plugins/com.st.stm32cube.ide.mcu.externaltools.gnu-tools-for-stm32.10.3-2021.10.linux64_1.0.0.202111181127/tools/bin/../lib/gcc/arm-none-eabi/10.3.1/thumb/v7-m/nofp/libgcc.a(_arm_mulsf3.o)
                              ./Core/Src/PID.o (__aeabi_fmul)
/opt/st/stm32cubeide_1.10.1/plugins/com.st.stm32cube.ide.mcu.externaltools.gnu-tools-for-stm32.10.3-2021.10.linux64_1.0.0.202111181127/tools/bin/../lib/gcc/arm-none-eabi/10.3.1/thumb/v7-m/nofp/libgcc.a(_arm_addsubdf3.o)
                              ./Core/Src/main.o (__aeabi_dadd)
/opt/st/stm32cubeide_1.10.1/plugins/com.st.stm32cube.ide.mcu.externaltools.gnu-tools-for-stm32.10.3-2021.10.linux64_1.0.0.202111181127/tools/bin/../lib/gcc/arm-none-eabi/10.3.1/thumb/v7-m/nofp/libgcc.a(_arm_fixunsdfsi.o)
                              ./Core/Src/main.o (__aeabi_d2uiz)
/opt/st/stm32cubeide_1.10.1/plugins/com.st.stm32cube.ide.mcu.externaltools.gnu-tools-for-stm32.10.3-2021.10.linux64_1.0.0.202111181127/tools/bin/../lib/gcc/arm-none-eabi/10.3.1/thumb/v7-m/nofp/libgcc.a(_arm_truncdfsf2.o)
                              ./Core/Src/main.o (__aeabi_d2f)
/opt/st/stm32cubeide_1.10.1/plugins/com.st.stm32cube.ide.mcu.externaltools.gnu-tools-for-stm32.10.3-2021.10.linux64_1.0.0.202111181127/tools/bin/../lib/gcc/arm-none-eabi/10.3.1/thumb/v7-m/nofp/libgcc.a(_arm_addsubsf3.o)
                              ./Core/Src/PID.o (__aeabi_fsub)
/opt/st/stm32cubeide_1.10.1/plugins/com.st.stm32cube.ide.mcu.externaltools.gnu-tools-for-stm32.10.3-2021.10.linux64_1.0.0.202111181127/tools/bin/../lib/gcc/arm-none-eabi/10.3.1/thumb/v7-m/nofp/libgcc.a(_arm_muldivsf3.o)
                              ./Core/Src/PID.o (__aeabi_fdiv)
/opt/st/stm32cubeide_1.10.1/plugins/com.st.stm32cube.ide.mcu.externaltools.gnu-tools-for-stm32.10.3-2021.10.linux64_1.0.0.202111181127/tools/bin/../lib/gcc/arm-none-eabi/10.3.1/thumb/v7-m/nofp/libgcc.a(_arm_cmpsf2.o)
[...]
Memory Configuration

Name             Origin             Length             Attributes
RAM              0x0000000020000000 0x0000000000005000 xrw
FLASH            0x0000000008000000 0x0000000000010000 xr
*default*        0x0000000000000000 0xffffffffffffffff

Linker script and memory map

LOAD /opt/st/stm32cubeide_1.10.1/plugins/com.st.stm32cube.ide.mcu.externaltools.gnu-tools-for-stm32.10.3-2021.10.linux64_1.0.0.202111181127/tools/bin/../lib/gcc/arm-none-eabi/10.3.1/thumb/v7-m/nofp/crti.o
LOAD /opt/st/stm32cubeide_1.10.1/plugins/com.st.stm32cube.ide.mcu.externaltools.gnu-tools-for-stm32.10.3-2021.10.linux64_1.0.0.202111181127/tools/bin/../lib/gcc/arm-none-eabi/10.3.1/thumb/v7-m/nofp/crtbegin.o
LOAD /opt/st/stm32cubeide_1.10.1/plugins/com.st.stm32cube.ide.mcu.externaltools.gnu-tools-for-stm32.10.3-2021.10.linux64_1.0.0.202111181127/tools/bin/../lib/gcc/arm-none-eabi/10.3.1/../../../../arm-none-eabi/lib/thumb/v7-m/nofp/crt0.o
LOAD ./Core/Src/PID.o
LOAD ./Core/Src/can.o
LOAD ./Core/Src/gpio.o
LOAD ./Core/Src/main.o
LOAD ./Core/Src/stm32f1xx_hal_msp.o
LOAD ./Core/Src/stm32f1xx_it.o
LOAD ./Core/Src/syscalls.o
LOAD ./Core/Src/sysmem.o
LOAD ./Core/Src/system_stm32f1xx.o
LOAD ./Core/Src/tim.o
LOAD ./Core/Startup/startup_stm32f103c8tx.o
LOAD ./Drivers/STM32F1xx_HAL_Driver/Src/stm32f1xx_hal.o
LOAD ./Drivers/STM32F1xx_HAL_Driver/Src/stm32f1xx_hal_can.o
LOAD ./Drivers/STM32F1xx_HAL_Driver/Src/stm32f1xx_hal_cortex.o
LOAD ./Drivers/STM32F1xx_HAL_Driver/Src/stm32f1xx_hal_dma.o
LOAD ./Drivers/STM32F1xx_HAL_Driver/Src/stm32f1xx_hal_exti.o
LOAD ./Drivers/STM32F1xx_HAL_Driver/Src/stm32f1xx_hal_flash.o
LOAD ./Drivers/STM32F1xx_HAL_Driver/Src/stm32f1xx_hal_flash_ex.o
LOAD ./Drivers/STM32F1xx_HAL_Driver/Src/stm32f1xx_hal_gpio.o
LOAD ./Drivers/STM32F1xx_HAL_Driver/Src/stm32f1xx_hal_gpio_ex.o
LOAD ./Drivers/STM32F1xx_HAL_Driver/Src/stm32f1xx_hal_pwr.o
LOAD ./Drivers/STM32F1xx_HAL_Driver/Src/stm32f1xx_hal_rcc.o
LOAD ./Drivers/STM32F1xx_HAL_Driver/Src/stm32f1xx_hal_rcc_ex.o
LOAD ./Drivers/STM32F1xx_HAL_Driver/Src/stm32f1xx_hal_tim.o
LOAD ./Drivers/STM32F1xx_HAL_Driver/Src/stm32f1xx_hal_tim_ex.o
START GROUP
LOAD /opt/st/stm32cubeide_1.10.1/plugins/com.st.stm32cube.ide.mcu.externaltools.gnu-tools-for-stm32.10.3-2021.10.linux64_1.0.0.202111181127/tools/bin/../lib/gcc/arm-none-eabi/10.3.1/../../../../arm-none-eabi/lib/thumb/v7-m/nofp/libc_nano.a
LOAD /opt/st/stm32cubeide_1.10.1/plugins/com.st.stm32cube.ide.mcu.externaltools.gnu-tools-for-stm32.10.3-2021.10.linux64_1.0.0.202111181127/tools/bin/../lib/gcc/arm-none-eabi/10.3.1/../../../../arm-none-eabi/lib/thumb/v7-m/nofp/libm.a
END GROUP
START GROUP
LOAD /opt/st/stm32cubeide_1.10.1/plugins/com.st.stm32cube.ide.mcu.externaltools.gnu-tools-for-stm32.10.3-2021.10.linux64_1.0.0.202111181127/tools/bin/../lib/gcc/arm-none-eabi/10.3.1/thumb/v7-m/nofp/libgcc.a
LOAD /opt/st/stm32cubeide_1.10.1/plugins/com.st.stm32cube.ide.mcu.externaltools.gnu-tools-for-stm32.10.3-2021.10.linux64_1.0.0.202111181127/tools/bin/../lib/gcc/arm-none-eabi/10.3.1/../../../../arm-none-eabi/lib/thumb/v7-m/nofp/libc_nano.a
END GROUP
START GROUP
LOAD /opt/st/stm32cubeide_1.10.1/plugins/com.st.stm32cube.ide.mcu.externaltools.gnu-tools-for-stm32.10.3-2021.10.linux64_1.0.0.202111181127/tools/bin/../lib/gcc/arm-none-eabi/10.3.1/thumb/v7-m/nofp/libgcc.a
LOAD /opt/st/stm32cubeide_1.10.1/plugins/com.st.stm32cube.ide.mcu.externaltools.gnu-tools-for-stm32.10.3-2021.10.linux64_1.0.0.202111181127/tools/bin/../lib/gcc/arm-none-eabi/10.3.1/../../../../arm-none-eabi/lib/thumb/v7-m/nofp/libc_nano.a
LOAD /opt/st/stm32cubeide_1.10.1/plugins/com.st.stm32cube.ide.mcu.externaltools.gnu-tools-for-stm32.10.3-2021.10.linux64_1.0.0.202111181127/tools/bin/../lib/gcc/arm-none-eabi/10.3.1/../../../../arm-none-eabi/lib/thumb/v7-m/nofp/libnosys.a
END GROUP
START GROUP
LOAD /opt/st/stm32cubeide_1.10.1/plugins/com.st.stm32cube.ide.mcu.externaltools.gnu-tools-for-stm32.10.3-2021.10.linux64_1.0.0.202111181127/tools/bin/../lib/gcc/arm-none-eabi/10.3.1/thumb/v7-m/nofp/libgcc.a
LOAD /opt/st/stm32cubeide_1.10.1/plugins/com.st.stm32cube.ide.mcu.externaltools.gnu-tools-for-stm32.10.3-2021.10.linux64_1.0.0.202111181127/tools/bin/../lib/gcc/arm-none-eabi/10.3.1/../../../../arm-none-eabi/lib/thumb/v7-m/nofp/libc_nano.a
LOAD /opt/st/stm32cubeide_1.10.1/plugins/com.st.stm32cube.ide.mcu.externaltools.gnu-tools-for-stm32.10.3-2021.10.linux64_1.0.0.202111181127/tools/bin/../lib/gcc/arm-none-eabi/10.3.1/../../../../arm-none-eabi/lib/thumb/v7-m/nofp/libnosys.a
END GROUP
LOAD /opt/st/stm32cubeide_1.10.1/plugins/com.st.stm32cube.ide.mcu.externaltools.gnu-tools-for-stm32.10.3-2021.10.linux64_1.0.0.202111181127/tools/bin/../lib/gcc/arm-none-eabi/10.3.1/thumb/v7-m/nofp/crtend.o
LOAD /opt/st/stm32cubeide_1.10.1/plugins/com.st.stm32cube.ide.mcu.externaltools.gnu-tools-for-stm32.10.3-2021.10.linux64_1.0.0.202111181127/tools/bin/../lib/gcc/arm-none-eabi/10.3.1/thumb/v7-m/nofp/crtn.o
                0x0000000020005000                _estack = (ORIGIN (RAM) + LENGTH (RAM))
                0x0000000000000200                _Min_Heap_Size = 0x200
                0x0000000000000400                _Min_Stack_Size = 0x400

.isr_vector     0x0000000008000000      0x10c
                0x0000000008000000                . = ALIGN (0x4)
 *(.isr_vector)
 .isr_vector    0x0000000008000000      0x10c ./Core/Startup/startup_stm32f103c8tx.o
                0x0000000008000000                g_pfnVectors
                0x000000000800010c                . = ALIGN (0x4)

.text           0x0000000008000110     0x4ff8
                0x0000000008000110                . = ALIGN (0x4)
 *(.text)
 .text          0x0000000008000110       0x40 /opt/st/stm32cubeide_1.10.1/plugins/com.st.stm32cube.ide.mcu.externaltools.gnu-tools-for-stm32.10.3-2021.10.linux64_1.0.0.202111181127/tools/bin/../lib/gcc/arm-none-eabi/10.3.1/thumb/v7-m/nofp/crtbegin.o
 .text          0x0000000008000150      0x254 /opt/st/stm32cubeide_1.10.1/plugins/com.st.stm32cube.ide.mcu.externaltools.gnu-tools-for-stm32.10.3-2021.10.linux64_1.0.0.202111181127/tools/bin/../lib/gcc/arm-none-eabi/10.3.1/thumb/v7-m/nofp/libgcc.a(_arm_muldf3.o)
                0x0000000008000150                __aeabi_dmul
                0x0000000008000150                __muldf3
 .text          0x00000000080003a4      0x378 /opt/st/stm32cubeide_1.10.1/plugins/com.st.stm32cube.ide.mcu.externaltools.gnu-tools-for-stm32.10.3-2021.10.linux64_1.0.0.202111181127/tools/bin/../lib/gcc/arm-none-eabi/10.3.1/thumb/v7-m/nofp/libgcc.a(_arm_addsubdf3.o)
                0x00000000080003a4                __aeabi_drsub
                0x00000000080003ac                __aeabi_dsub
                0x00000000080003ac                __subdf3
                0x00000000080003b0                __adddf3
                0x00000000080003b0                __aeabi_dadd
                0x0000000008000628                __aeabi_ui2d
                0x0000000008000628                __floatunsidf
                0x0000000008000648                __floatsidf
                0x0000000008000648                __aeabi_i2d
                0x000000000800066c                __extendsfdf2
                0x000000000800066c                __aeabi_f2d
                0x00000000080006b0                __aeabi_ul2d
                0x00000000080006b0                __floatundidf
                0x00000000080006c0                __floatdidf
                0x00000000080006c0                __aeabi_l2d
 .text          0x000000000800071c       0x40 /opt/st/stm32cubeide_1.10.1/plugins/com.st.stm32cube.ide.mcu.externaltools.gnu-tools-for-stm32.10.3-2021.10.linux64_1.0.0.202111181127/tools/bin/../lib/gcc/arm-none-eabi/10.3.1/thumb/v7-m/nofp/libgcc.a(_arm_fixunsdfsi.o)
                0x000000000800071c                __fixunsdfsi
                0x000000000800071c                __aeabi_d2uiz
 .text          0x000000000800075c       0xa0 /opt/st/stm32cubeide_1.10.1/plugins/com.st.stm32cube.ide.mcu.externaltools.gnu-tools-for-stm32.10.3-2021.10.linux64_1.0.0.202111181127/tools/bin/../lib/gcc/arm-none-eabi/10.3.1/thumb/v7-m/nofp/libgcc.a(_arm_truncdfsf2.o)
                0x000000000800075c                __aeabi_d2f
                0x000000000800075c                __truncdfsf2
 .text          0x00000000080007fc      0x21c /opt/st/stm32cubeide_1.10.1/plugins/com.st.stm32cube.ide.mcu.externaltools.gnu-tools-for-stm32.10.3-2021.10.linux64_1.0.0.202111181127/tools/bin/../lib/gcc/arm-none-eabi/10.3.1/thumb/v7-m/nofp/libgcc.a(_arm_addsubsf3.o)
                0x00000000080007fc                __aeabi_frsub
                0x0000000008000804                __subsf3
                0x0000000008000804                __aeabi_fsub
                0x0000000008000808                __aeabi_fadd
                0x0000000008000808                __addsf3
                0x0000000008000968                __aeabi_ui2f
                0x0000000008000968                __floatunsisf
                0x0000000008000970                __aeabi_i2f
                0x0000000008000970                __floatsisf
                0x000000000800098c                __floatundisf
                0x000000000800098c                __aeabi_ul2f
                0x000000000800099c                __floatdisf
                0x000000000800099c                __aeabi_l2f
 .text          0x0000000008000a18      0x2a0 /opt/st/stm32cubeide_1.10.1/plugins/com.st.stm32cube.ide.mcu.externaltools.gnu-tools-for-stm32.10.3-2021.10.linux64_1.0.0.202111181127/tools/bin/../lib/gcc/arm-none-eabi/10.3.1/thumb/v7-m/nofp/libgcc.a(_arm_muldivsf3.o)
                0x0000000008000a18                __mulsf3
                0x0000000008000a18                __aeabi_fmul
                0x0000000008000b80                __divsf3
                0x0000000008000b80                __aeabi_fdiv
 .text          0x0000000008000cb8       0xec /opt/st/stm32cubeide_1.10.1/plugins/com.st.stm32cube.ide.mcu.externaltools.gnu-tools-for-stm32.10.3-2021.10.linux64_1.0.0.202111181127/tools/bin/../lib/gcc/arm-none-eabi/10.3.1/thumb/v7-m/nofp/libgcc.a(_arm_cmpsf2.o)
                0x0000000008000cb8                __gtsf2
                0x0000000008000cb8                __gesf2
                0x0000000008000cc0                __lesf2
                0x0000000008000cc0                __ltsf2
                0x0000000008000cc8                __nesf2
                0x0000000008000cc8                __eqsf2
                0x0000000008000cc8                __cmpsf2
                0x0000000008000d28                __aeabi_cfrcmple
                0x0000000008000d30                __aeabi_cfcmple
                0x0000000008000d30                __aeabi_cfcmpeq
                0x0000000008000d40                __aeabi_fcmpeq
                0x0000000008000d54                __aeabi_fcmplt
                0x0000000008000d68                __aeabi_fcmple
                0x0000000008000d7c                __aeabi_fcmpge
                0x0000000008000d90                __aeabi_fcmpgt
 .text          0x0000000008000da4       0x40 /opt/st/stm32cubeide_1.10.1/plugins/com.st.stm32cube.ide.mcu.externaltools.gnu-tools-for-stm32.10.3-2021.10.linux64_1.0.0.202111181127/tools/bin/../lib/gcc/arm-none-eabi/10.3.1/thumb/v7-m/nofp/libgcc.a(_arm_fixunssfsi.o)
                0x0000000008000da4                __aeabi_f2uiz
                0x0000000008000da4                __fixunssfsi
 *(.text*)
 .text.PID_Init
                0x0000000008000de4       0x70 ./Core/Src/PID.o
                0x0000000008000de4                PID_Init
 .text.PID      0x0000000008000e54      0x25a ./Core/Src/PID.o
                0x0000000008000e54                PID
 *fill*         0x00000000080010ae        0x2 
 .text.MX_CAN_Init
                0x00000000080010b0       0xa4 ./Core/Src/can.o
                0x00000000080010b0                MX_CAN_Init
 .text.HAL_CAN_MspInit
                0x0000000008001154       0xa8 ./Core/Src/can.o
                0x0000000008001154                HAL_CAN_MspInit
 .text.MX_GPIO_Init
                0x00000000080011fc      0x154 ./Core/Src/gpio.o
                0x00000000080011fc                MX_GPIO_Init
 .text.map      0x0000000008001350       0x56 ./Core/Src/main.o
                0x0000000008001350                map
 *fill*         0x00000000080013a6        0x2 
 .text.HAL_CAN_RxFifo1MsgPendingCallback
                0x00000000080013a8      0x1c8 ./Core/Src/main.o
                0x00000000080013a8                HAL_CAN_RxFifo1MsgPendingCallback
 .text.servo_rotation
                0x0000000008001570       0x88 ./Core/Src/main.o
                0x0000000008001570                servo_rotation
 .text.encoder  0x00000000080015f8      0x1dc ./Core/Src/main.o
                0x00000000080015f8                encoder
 *fill*         0x00000000080017d4        0x4 
 .text.Motors_RPS
                0x00000000080017d8      0x1fc ./Core/Src/main.o
                0x00000000080017d8                Motors_RPS
 .text.main     0x00000000080019d4       0xf4 ./Core/Src/main.o
                0x00000000080019d4                main
 .text.SystemClock_Config
                0x0000000008001ac8       0x8a ./Core/Src/main.o
                0x0000000008001ac8                SystemClock_Config
 *fill*         0x0000000008001b52        0x2 
 .text.HAL_GPIO_EXTI_Callback
                0x0000000008001b54       0x80 ./Core/Src/main.o
                0x0000000008001b54                HAL_GPIO_EXTI_Callback
 .text.HAL_TIM_PeriodElapsedCallback
                0x0000000008001bd4      0x3f8 ./Core/Src/main.o
                0x0000000008001bd4                HAL_TIM_PeriodElapsedCallback
 .text.Error_Handler
                0x0000000008001fcc        0xa ./Core/Src/main.o
                0x0000000008001fcc                Error_Handler
 *fill*         0x0000000008001fd6        0x2 
 .text.HAL_MspInit
                0x0000000008001fd8       0x64 ./Core/Src/stm32f1xx_hal_msp.o
                0x0000000008001fd8                HAL_MspInit
 .text.NMI_Handler
                0x000000000800203c        0x6 ./Core/Src/stm32f1xx_it.o
                0x000000000800203c                NMI_Handler
 .text.HardFault_Handler
                0x0000000008002042        0x6 ./Core/Src/stm32f1xx_it.o
                0x0000000008002042                HardFault_Handler
 .text.MemManage_Handler
                0x0000000008002048        0x6 ./Core/Src/stm32f1xx_it.o
                0x0000000008002048                MemManage_Handler
 .text.BusFault_Handler
                0x000000000800204e        0x6 ./Core/Src/stm32f1xx_it.o
                0x000000000800204e                BusFault_Handler
 .text.UsageFault_Handler
                0x0000000008002054        0x6 ./Core/Src/stm32f1xx_it.o
                0x0000000008002054                UsageFault_Handler
 .text.SVC_Handler
                0x000000000800205a        0xc ./Core/Src/stm32f1xx_it.o
                0x000000000800205a                SVC_Handler
 .text.DebugMon_Handler
                0x0000000008002066        0xc ./Core/Src/stm32f1xx_it.o
                0x0000000008002066                DebugMon_Handler
 .text.PendSV_Handler
                0x0000000008002072        0xc ./Core/Src/stm32f1xx_it.o
                0x0000000008002072                PendSV_Handler
 .text.SysTick_Handler
                0x000000000800207e        0xc ./Core/Src/stm32f1xx_it.o
                0x000000000800207e                SysTick_Handler
 .text.EXTI3_IRQHandler
                0x000000000800208a        0xe ./Core/Src/stm32f1xx_it.o
                0x000000000800208a                EXTI3_IRQHandler
 .text.EXTI4_IRQHandler
                0x0000000008002098        0xe ./Core/Src/stm32f1xx_it.o
                0x0000000008002098                EXTI4_IRQHandler
 *fill*         0x00000000080020a6        0x2 
 .text.CAN1_RX1_IRQHandler
                0x00000000080020a8       0x14 ./Core/Src/stm32f1xx_it.o
                0x00000000080020a8                CAN1_RX1_IRQHandler
 .text.EXTI9_5_IRQHandler
                0x00000000080020bc       0x14 ./Core/Src/stm32f1xx_it.o
                0x00000000080020bc                EXTI9_5_IRQHandler
 .text.TIM2_IRQHandler
                0x00000000080020d0       0x14 ./Core/Src/stm32f1xx_it.o
                0x00000000080020d0                TIM2_IRQHandler
 .text.SystemInit
                0x00000000080020e4        0xc ./Core/Src/system_stm32f1xx.o
                0x00000000080020e4                SystemInit
 .text.MX_TIM1_Init
                0x00000000080020f0      0x158 ./Core/Src/tim.o
                0x00000000080020f0                MX_TIM1_Init
 .text.MX_TIM2_Init
                0x0000000008002248       0x9c ./Core/Src/tim.o
                0x0000000008002248                MX_TIM2_Init
 .text.MX_TIM3_Init
                0x00000000080022e4       0xf0 ./Core/Src/tim.o
                0x00000000080022e4                MX_TIM3_Init
 .text.MX_TIM4_Init
                0x00000000080023d4      0x130 ./Core/Src/tim.o
                0x00000000080023d4                MX_TIM4_Init
 .text.HAL_TIM_Base_MspInit
                0x0000000008002504       0xc0 ./Core/Src/tim.o
                0x0000000008002504                HAL_TIM_Base_MspInit
 .text.HAL_TIM_MspPostInit
                0x00000000080025c4      0x114 ./Core/Src/tim.o
                0x00000000080025c4                HAL_TIM_MspPostInit
 .text.Reset_Handler
                0x00000000080026d8       0x48 ./Core/Startup/startup_stm32f103c8tx.o
                0x00000000080026d8                Reset_Handler
 .text.Default_Handler
                0x0000000008002720        0x2 ./Core/Startup/startup_stm32f103c8tx.o
                0x0000000008002720                RTC_Alarm_IRQHandler
                0x0000000008002720                EXTI2_IRQHandler
                0x0000000008002720                TIM1_CC_IRQHandler
                0x0000000008002720                PVD_IRQHandler
                0x0000000008002720                EXTI0_IRQHandler
                0x0000000008002720                I2C2_EV_IRQHandler
                0x0000000008002720                ADC1_2_IRQHandler
                0x0000000008002720                SPI1_IRQHandler
                0x0000000008002720                TAMPER_IRQHandler
                0x0000000008002720                DMA1_Channel4_IRQHandler
                0x0000000008002720                USART3_IRQHandler
                0x0000000008002720                RTC_IRQHandler
                0x0000000008002720                DMA1_Channel7_IRQHandler
                0x0000000008002720                TIM4_IRQHandler
                0x0000000008002720                I2C1_EV_IRQHandler
                0x0000000008002720                DMA1_Channel6_IRQHandler
                0x0000000008002720                TIM3_IRQHandler
                0x0000000008002720                RCC_IRQHandler
                0x0000000008002720                TIM1_TRG_COM_IRQHandler
                0x0000000008002720                DMA1_Channel1_IRQHandler
                0x0000000008002720                Default_Handler
                0x0000000008002720                EXTI15_10_IRQHandler
                0x0000000008002720                SPI2_IRQHandler
                0x0000000008002720                DMA1_Channel5_IRQHandler
                0x0000000008002720                USB_LP_CAN1_RX0_IRQHandler
                0x0000000008002720                USB_HP_CAN1_TX_IRQHandler
                0x0000000008002720                DMA1_Channel3_IRQHandler
                0x0000000008002720                TIM1_UP_IRQHandler
                0x0000000008002720                WWDG_IRQHandler
                0x0000000008002720                TIM1_BRK_IRQHandler
                0x0000000008002720                EXTI1_IRQHandler
                0x0000000008002720                USART2_IRQHandler
                0x0000000008002720                I2C2_ER_IRQHandler
                0x0000000008002720                DMA1_Channel2_IRQHandler
                0x0000000008002720                CAN1_SCE_IRQHandler
                0x0000000008002720                FLASH_IRQHandler
                0x0000000008002720                USART1_IRQHandler
                0x0000000008002720                I2C1_ER_IRQHandler
                0x0000000008002720                USBWakeUp_IRQHandler
 *fill*         0x0000000008002722        0x2 
 .text.HAL_Init
                0x0000000008002724       0x2c ./Drivers/STM32F1xx_HAL_Driver/Src/stm32f1xx_hal.o
                0x0000000008002724                HAL_Init
 .text.HAL_InitTick
                0x0000000008002750       0x60 ./Drivers/STM32F1xx_HAL_Driver/Src/stm32f1xx_hal.o
                0x0000000008002750                HAL_InitTick
 .text.HAL_IncTick
                0x00000000080027b0       0x24 ./Drivers/STM32F1xx_HAL_Driver/Src/stm32f1xx_hal.o
                0x00000000080027b0                HAL_IncTick
 .text.HAL_GetTick
                0x00000000080027d4       0x14 ./Drivers/STM32F1xx_HAL_Driver/Src/stm32f1xx_hal.o
                0x00000000080027d4                HAL_GetTick
 .text.HAL_Delay
                0x00000000080027e8       0x48 ./Drivers/STM32F1xx_HAL_Driver/Src/stm32f1xx_hal.o
                0x00000000080027e8                HAL_Delay
 .text.HAL_CAN_Init
                0x0000000008002830      0x1f6 ./Drivers/STM32F1xx_HAL_Driver/Src/stm32f1xx_hal_can.o
                0x0000000008002830                HAL_CAN_Init
 .text.HAL_CAN_ConfigFilter
                0x0000000008002a26      0x192 ./Drivers/STM32F1xx_HAL_Driver/Src/stm32f1xx_hal_can.o
                0x0000000008002a26                HAL_CAN_ConfigFilter
 .text.HAL_CAN_Start
                0x0000000008002bb8       0x88 ./Drivers/STM32F1xx_HAL_Driver/Src/stm32f1xx_hal_can.o
                0x0000000008002bb8                HAL_CAN_Start
 .text.HAL_CAN_GetRxMessage
                0x0000000008002c40      0x222 ./Drivers/STM32F1xx_HAL_Driver/Src/stm32f1xx_hal_can.o
                0x0000000008002c40                HAL_CAN_GetRxMessage
 .text.HAL_CAN_ActivateNotification
                0x0000000008002e62       0x4a ./Drivers/STM32F1xx_HAL_Driver/Src/stm32f1xx_hal_can.o
                0x0000000008002e62                HAL_CAN_ActivateNotification
 .text.HAL_CAN_IRQHandler
                0x0000000008002eac      0x36e ./Drivers/STM32F1xx_HAL_Driver/Src/stm32f1xx_hal_can.o
                0x0000000008002eac                HAL_CAN_IRQHandler
 .text.HAL_CAN_TxMailbox0CompleteCallback
                0x000000000800321a       0x12 ./Drivers/STM32F1xx_HAL_Driver/Src/stm32f1xx_hal_can.o
                0x000000000800321a                HAL_CAN_TxMailbox0CompleteCallback
 .text.HAL_CAN_TxMailbox1CompleteCallback
                0x000000000800322c       0x12 ./Drivers/STM32F1xx_HAL_Driver/Src/stm32f1xx_hal_can.o
                0x000000000800322c                HAL_CAN_TxMailbox1CompleteCallback
 .text.HAL_CAN_TxMailbox2CompleteCallback
                0x000000000800323e       0x12 ./Drivers/STM32F1xx_HAL_Driver/Src/stm32f1xx_hal_can.o
                0x000000000800323e                HAL_CAN_TxMailbox2CompleteCallback
 .text.HAL_CAN_TxMailbox0AbortCallback
                0x0000000008003250       0x12 ./Drivers/STM32F1xx_HAL_Driver/Src/stm32f1xx_hal_can.o
                0x0000000008003250                HAL_CAN_TxMailbox0AbortCallback
 .text.HAL_CAN_TxMailbox1AbortCallback
                0x0000000008003262       0x12 ./Drivers/STM32F1xx_HAL_Driver/Src/stm32f1xx_hal_can.o
                0x0000000008003262                HAL_CAN_TxMailbox1AbortCallback
 .text.HAL_CAN_TxMailbox2AbortCallback
                0x0000000008003274       0x12 ./Drivers/STM32F1xx_HAL_Driver/Src/stm32f1xx_hal_can.o
                0x0000000008003274                HAL_CAN_TxMailbox2AbortCallback
 .text.HAL_CAN_RxFifo0MsgPendingCallback
                0x0000000008003286       0x12 ./Drivers/STM32F1xx_HAL_Driver/Src/stm32f1xx_hal_can.o
                0x0000000008003286                HAL_CAN_RxFifo0MsgPendingCallback
 .text.HAL_CAN_RxFifo0FullCallback
                0x0000000008003298       0x12 ./Drivers/STM32F1xx_HAL_Driver/Src/stm32f1xx_hal_can.o
                0x0000000008003298                HAL_CAN_RxFifo0FullCallback
 .text.HAL_CAN_RxFifo1FullCallback
                0x00000000080032aa       0x12 ./Drivers/STM32F1xx_HAL_Driver/Src/stm32f1xx_hal_can.o
                0x00000000080032aa                HAL_CAN_RxFifo1FullCallback
 .text.HAL_CAN_SleepCallback
                0x00000000080032bc       0x12 ./Drivers/STM32F1xx_HAL_Driver/Src/stm32f1xx_hal_can.o
                0x00000000080032bc                HAL_CAN_SleepCallback
 .text.HAL_CAN_WakeUpFromRxMsgCallback
                0x00000000080032ce       0x12 ./Drivers/STM32F1xx_HAL_Driver/Src/stm32f1xx_hal_can.o
                0x00000000080032ce                HAL_CAN_WakeUpFromRxMsgCallback
 .text.HAL_CAN_ErrorCallback
                0x00000000080032e0       0x12 ./Drivers/STM32F1xx_HAL_Driver/Src/stm32f1xx_hal_can.o
                0x00000000080032e0                HAL_CAN_ErrorCallback
 *fill*         0x00000000080032f2        0x2 
 .text.__NVIC_SetPriorityGrouping
                0x00000000080032f4       0x48 ./Drivers/STM32F1xx_HAL_Driver/Src/stm32f1xx_hal_cortex.o
 .text.__NVIC_GetPriorityGrouping
                0x000000000800333c       0x1c ./Drivers/STM32F1xx_HAL_Driver/Src/stm32f1xx_hal_cortex.o
 .text.__NVIC_EnableIRQ
                0x0000000008003358       0x38 ./Drivers/STM32F1xx_HAL_Driver/Src/stm32f1xx_hal_cortex.o
 .text.__NVIC_SetPriority
                0x0000000008003390       0x54 ./Drivers/STM32F1xx_HAL_Driver/Src/stm32f1xx_hal_cortex.o
 .text.NVIC_EncodePriority
                0x00000000080033e4       0x64 ./Drivers/STM32F1xx_HAL_Driver/Src/stm32f1xx_hal_cortex.o
 .text.SysTick_Config
                0x0000000008003448       0x44 ./Drivers/STM32F1xx_HAL_Driver/Src/stm32f1xx_hal_cortex.o
 .text.HAL_NVIC_SetPriorityGrouping
                0x000000000800348c       0x16 ./Drivers/STM32F1xx_HAL_Driver/Src/stm32f1xx_hal_cortex.o
                0x000000000800348c                HAL_NVIC_SetPriorityGrouping
 .text.HAL_NVIC_SetPriority
                0x00000000080034a2       0x38 ./Drivers/STM32F1xx_HAL_Driver/Src/stm32f1xx_hal_cortex.o
                0x00000000080034a2                HAL_NVIC_SetPriority
 .text.HAL_NVIC_EnableIRQ
                0x00000000080034da       0x1c ./Drivers/STM32F1xx_HAL_Driver/Src/stm32f1xx_hal_cortex.o
                0x00000000080034da                HAL_NVIC_EnableIRQ
 .text.HAL_SYSTICK_Config
                0x00000000080034f6       0x18 ./Drivers/STM32F1xx_HAL_Driver/Src/stm32f1xx_hal_cortex.o
                0x00000000080034f6                HAL_SYSTICK_Config
 *fill*         0x000000000800350e        0x2 
 .text.HAL_GPIO_Init
                0x0000000008003510      0x308 ./Drivers/STM32F1xx_HAL_Driver/Src/stm32f1xx_hal_gpio.o
                0x0000000008003510                HAL_GPIO_Init
 .text.HAL_GPIO_ReadPin
                0x0000000008003818       0x2e ./Drivers/STM32F1xx_HAL_Driver/Src/stm32f1xx_hal_gpio.o
                0x0000000008003818                HAL_GPIO_ReadPin
 .text.HAL_GPIO_WritePin
                0x0000000008003846       0x30 ./Drivers/STM32F1xx_HAL_Driver/Src/stm32f1xx_hal_gpio.o
                0x0000000008003846                HAL_GPIO_WritePin
 .text.HAL_GPIO_TogglePin
                0x0000000008003876       0x32 ./Drivers/STM32F1xx_HAL_Driver/Src/stm32f1xx_hal_gpio.o
                0x0000000008003876                HAL_GPIO_TogglePin
 .text.HAL_GPIO_EXTI_IRQHandler
                0x00000000080038a8       0x30 ./Drivers/STM32F1xx_HAL_Driver/Src/stm32f1xx_hal_gpio.o
                0x00000000080038a8                HAL_GPIO_EXTI_IRQHandler
 .text.HAL_RCC_OscConfig
                0x00000000080038d8      0x504 ./Drivers/STM32F1xx_HAL_Driver/Src/stm32f1xx_hal_rcc.o
                0x00000000080038d8                HAL_RCC_OscConfig
 .text.HAL_RCC_ClockConfig
                0x0000000008003ddc      0x1d4 ./Drivers/STM32F1xx_HAL_Driver/Src/stm32f1xx_hal_rcc.o
                0x0000000008003ddc                HAL_RCC_ClockConfig
 .text.HAL_RCC_GetSysClockFreq
                0x0000000008003fb0       0xbc ./Drivers/STM32F1xx_HAL_Driver/Src/stm32f1xx_hal_rcc.o
                0x0000000008003fb0                HAL_RCC_GetSysClockFreq
 .text.RCC_Delay
                0x000000000800406c       0x3c ./Drivers/STM32F1xx_HAL_Driver/Src/stm32f1xx_hal_rcc.o
 .text.HAL_TIM_Base_Init
                0x00000000080040a8       0x9e ./Drivers/STM32F1xx_HAL_Driver/Src/stm32f1xx_hal_tim.o
                0x00000000080040a8                HAL_TIM_Base_Init
 *fill*         0x0000000008004146        0x2 
 .text.HAL_TIM_Base_Start_IT
                0x0000000008004148       0xa4 ./Drivers/STM32F1xx_HAL_Driver/Src/stm32f1xx_hal_tim.o
                0x0000000008004148                HAL_TIM_Base_Start_IT
 .text.HAL_TIM_PWM_Init
                0x00000000080041ec       0x9e ./Drivers/STM32F1xx_HAL_Driver/Src/stm32f1xx_hal_tim.o
                0x00000000080041ec                HAL_TIM_PWM_Init
 .text.HAL_TIM_PWM_MspInit
                0x000000000800428a       0x12 ./Drivers/STM32F1xx_HAL_Driver/Src/stm32f1xx_hal_tim.o
                0x000000000800428a                HAL_TIM_PWM_MspInit
 .text.HAL_TIM_PWM_Start
                0x000000000800429c      0x144 ./Drivers/STM32F1xx_HAL_Driver/Src/stm32f1xx_hal_tim.o
                0x000000000800429c                HAL_TIM_PWM_Start
 .text.HAL_TIM_IRQHandler
                0x00000000080043e0      0x210 ./Drivers/STM32F1xx_HAL_Driver/Src/stm32f1xx_hal_tim.o
                0x00000000080043e0                HAL_TIM_IRQHandler
 .text.HAL_TIM_PWM_ConfigChannel
                0x00000000080045f0      0x17c ./Drivers/STM32F1xx_HAL_Driver/Src/stm32f1xx_hal_tim.o
                0x00000000080045f0                HAL_TIM_PWM_ConfigChannel
 .text.HAL_TIM_ConfigClockSource
                0x000000000800476c      0x188 ./Drivers/STM32F1xx_HAL_Driver/Src/stm32f1xx_hal_tim.o
                0x000000000800476c                HAL_TIM_ConfigClockSource
 .text.HAL_TIM_OC_DelayElapsedCallback
                0x00000000080048f4       0x12 ./Drivers/STM32F1xx_HAL_Driver/Src/stm32f1xx_hal_tim.o
                0x00000000080048f4                HAL_TIM_OC_DelayElapsedCallback
 .text.HAL_TIM_IC_CaptureCallback
                0x0000000008004906       0x12 ./Drivers/STM32F1xx_HAL_Driver/Src/stm32f1xx_hal_tim.o
                0x0000000008004906                HAL_TIM_IC_CaptureCallback
 .text.HAL_TIM_PWM_PulseFinishedCallback
                0x0000000008004918       0x12 ./Drivers/STM32F1xx_HAL_Driver/Src/stm32f1xx_hal_tim.o
                0x0000000008004918                HAL_TIM_PWM_PulseFinishedCallback
 .text.HAL_TIM_TriggerCallback
                0x000000000800492a       0x12 ./Drivers/STM32F1xx_HAL_Driver/Src/stm32f1xx_hal_tim.o
                0x000000000800492a                HAL_TIM_TriggerCallback
 .text.TIM_Base_SetConfig
                0x000000000800493c       0xc4 ./Drivers/STM32F1xx_HAL_Driver/Src/stm32f1xx_hal_tim.o
                0x000000000800493c                TIM_Base_SetConfig
 .text.TIM_OC1_SetConfig
                0x0000000008004a00       0xcc ./Drivers/STM32F1xx_HAL_Driver/Src/stm32f1xx_hal_tim.o
 .text.TIM_OC2_SetConfig
                0x0000000008004acc       0xd4 ./Drivers/STM32F1xx_HAL_Driver/Src/stm32f1xx_hal_tim.o
                0x0000000008004acc                TIM_OC2_SetConfig
 .text.TIM_OC3_SetConfig
                0x0000000008004ba0       0xd4 ./Drivers/STM32F1xx_HAL_Driver/Src/stm32f1xx_hal_tim.o
 .text.TIM_OC4_SetConfig
                0x0000000008004c74       0x9c ./Drivers/STM32F1xx_HAL_Driver/Src/stm32f1xx_hal_tim.o
 .text.TIM_TI1_ConfigInputStage
                0x0000000008004d10       0x5c ./Drivers/STM32F1xx_HAL_Driver/Src/stm32f1xx_hal_tim.o
 .text.TIM_TI2_ConfigInputStage
                0x0000000008004d6c       0x5e ./Drivers/STM32F1xx_HAL_Driver/Src/stm32f1xx_hal_tim.o
 .text.TIM_ITRx_SetConfig
                0x0000000008004dca       0x34 ./Drivers/STM32F1xx_HAL_Driver/Src/stm32f1xx_hal_tim.o
 .text.TIM_ETR_SetConfig
                0x0000000008004dfe       0x3e ./Drivers/STM32F1xx_HAL_Driver/Src/stm32f1xx_hal_tim.o
                0x0000000008004dfe                TIM_ETR_SetConfig
 .text.TIM_CCxChannelCmd
                0x0000000008004e3c       0x48 ./Drivers/STM32F1xx_HAL_Driver/Src/stm32f1xx_hal_tim.o
                0x0000000008004e3c                TIM_CCxChannelCmd
 .text.HAL_TIMEx_MasterConfigSynchronization
                0x0000000008004e84       0xbc ./Drivers/STM32F1xx_HAL_Driver/Src/stm32f1xx_hal_tim_ex.o
                0x0000000008004e84                HAL_TIMEx_MasterConfigSynchronization
 .text.HAL_TIMEx_ConfigBreakDeadTime
                0x0000000008004f40       0xa2 ./Drivers/STM32F1xx_HAL_Driver/Src/stm32f1xx_hal_tim_ex.o
                0x0000000008004f40                HAL_TIMEx_ConfigBreakDeadTime
 .text.HAL_TIMEx_CommutCallback
                0x0000000008004fe2       0x12 ./Drivers/STM32F1xx_HAL_Driver/Src/stm32f1xx_hal_tim_ex.o
                0x0000000008004fe2                HAL_TIMEx_CommutCallback
 .text.HAL_TIMEx_BreakCallback
                0x0000000008004ff4       0x12 ./Drivers/STM32F1xx_HAL_Driver/Src/stm32f1xx_hal_tim_ex.o
                0x0000000008004ff4                HAL_TIMEx_BreakCallback
 *fill*         0x0000000008005006        0x2 
 .text.__libc_init_array
                0x0000000008005008       0x48 /opt/st/stm32cubeide_1.10.1/plugins/com.st.stm32cube.ide.mcu.externaltools.gnu-tools-for-stm32.10.3-2021.10.linux64_1.0.0.202111181127/tools/bin/../lib/gcc/arm-none-eabi/10.3.1/../../../../arm-none-eabi/lib/thumb/v7-m/nofp/libc_nano.a(lib_a-init.o)
                0x0000000008005008                __libc_init_array
 .text.memset   0x0000000008005050       0x10 /opt/st/stm32cubeide_1.10.1/plugins/com.st.stm32cube.ide.mcu.externaltools.gnu-tools-for-stm32.10.3-2021.10.linux64_1.0.0.202111181127/tools/bin/../lib/gcc/arm-none-eabi/10.3.1/../../../../arm-none-eabi/lib/thumb/v7-m/nofp/libc_nano.a(lib_a-memset.o)
                0x0000000008005050                memset
 .text.round    0x0000000008005060       0x90 /opt/st/stm32cubeide_1.10.1/plugins/com.st.stm32cube.ide.mcu.externaltools.gnu-tools-for-stm32.10.3-2021.10.linux64_1.0.0.202111181127/tools/bin/../lib/gcc/arm-none-eabi/10.3.1/../../../../arm-none-eabi/lib/thumb/v7-m/nofp/libm.a(lib_a-s_round.o)
                0x0000000008005060                round
 *(.glue_7)
 .glue_7        0x00000000080050f0        0x0 linker stubs
 *(.glue_7t)
 .glue_7t       0x00000000080050f0        0x0 linker stubs
 *(.eh_frame)
 .eh_frame      0x00000000080050f0        0x0 /opt/st/stm32cubeide_1.10.1/plugins/com.st.stm32cube.ide.mcu.externaltools.gnu-tools-for-stm32.10.3-2021.10.linux64_1.0.0.202111181127/tools/bin/../lib/gcc/arm-none-eabi/10.3.1/thumb/v7-m/nofp/crtbegin.o
 *(.init)
 .init          0x00000000080050f0        0x4 /opt/st/stm32cubeide_1.10.1/plugins/com.st.stm32cube.ide.mcu.externaltools.gnu-tools-for-stm32.10.3-2021.10.linux64_1.0.0.202111181127/tools/bin/../lib/gcc/arm-none-eabi/10.3.1/thumb/v7-m/nofp/crti.o
                0x00000000080050f0                _init
 .init          0x00000000080050f4        0x8 /opt/st/stm32cubeide_1.10.1/plugins/com.st.stm32cube.ide.mcu.externaltools.gnu-tools-for-stm32.10.3-2021.10.linux64_1.0.0.202111181127/tools/bin/../lib/gcc/arm-none-eabi/10.3.1/thumb/v7-m/nofp/crtn.o
 *(.fini)
 .fini          0x00000000080050fc        0x4 /opt/st/stm32cubeide_1.10.1/plugins/com.st.stm32cube.ide.mcu.externaltools.gnu-tools-for-stm32.10.3-2021.10.linux64_1.0.0.202111181127/tools/bin/../lib/gcc/arm-none-eabi/10.3.1/thumb/v7-m/nofp/crti.o
                0x00000000080050fc                _fini
 .fini          0x0000000008005100        0x8 /opt/st/stm32cubeide_1.10.1/plugins/com.st.stm32cube.ide.mcu.externaltools.gnu-tools-for-stm32.10.3-2021.10.linux64_1.0.0.202111181127/tools/bin/../lib/gcc/arm-none-eabi/10.3.1/thumb/v7-m/nofp/crtn.o
                0x0000000008005108                . = ALIGN (0x4)
                0x0000000008005108                _etext = .

.vfp11_veneer   0x0000000008005108        0x0
 .vfp11_veneer  0x0000000008005108        0x0 linker stubs

.v4_bx          0x0000000008005108        0x0
 .v4_bx         0x0000000008005108        0x0 linker stubs

.iplt           0x0000000008005108        0x0
 .iplt          0x0000000008005108        0x0 /opt/st/stm32cubeide_1.10.1/plugins/com.st.stm32cube.ide.mcu.externaltools.gnu-tools-for-stm32.10.3-2021.10.linux64_1.0.0.202111181127/tools/bin/../lib/gcc/arm-none-eabi/10.3.1/thumb/v7-m/nofp/crtbegin.o

.rodata         0x0000000008005108       0x20
                0x0000000008005108                . = ALIGN (0x4)
 *(.rodata)
 .rodata        0x0000000008005108       0x10 ./Drivers/STM32F1xx_HAL_Driver/Src/stm32f1xx_hal_rcc.o
 *(.rodata*)
 .rodata.AHBPrescTable
                0x0000000008005118       0x10 ./Core/Src/system_stm32f1xx.o
                0x0000000008005118                AHBPrescTable
                0x0000000008005128                . = ALIGN (0x4)

.rel.dyn        0x0000000008005128        0x0
 .rel.iplt      0x0000000008005128        0x0 /opt/st/stm32cubeide_1.10.1/plugins/com.st.stm32cube.ide.mcu.externaltools.gnu-tools-for-stm32.10.3-2021.10.linux64_1.0.0.202111181127/tools/bin/../lib/gcc/arm-none-eabi/10.3.1/thumb/v7-m/nofp/crtbegin.o

.ARM.extab      0x0000000008005128        0x0
                0x0000000008005128                . = ALIGN (0x4)
 *(.ARM.extab* .gnu.linkonce.armextab.*)
                0x0000000008005128                . = ALIGN (0x4)

.ARM            0x0000000008005128        0x0
                0x0000000008005128                . = ALIGN (0x4)
                0x0000000008005128                __exidx_start = .
 *(.ARM.exidx*)
                0x0000000008005128                __exidx_end = .
                0x0000000008005128                . = ALIGN (0x4)

.preinit_array  0x0000000008005128        0x0
                0x0000000008005128                . = ALIGN (0x4)
                0x0000000008005128                PROVIDE (__preinit_array_start = .)
 *(.preinit_array*)
                0x0000000008005128                PROVIDE (__preinit_array_end = .)
                0x0000000008005128                . = ALIGN (0x4)

.init_array     0x0000000008005128        0x4
                0x0000000008005128                . = ALIGN (0x4)
                0x0000000008005128                PROVIDE (__init_array_start = .)
 *(SORT_BY_NAME(.init_array.*))
 *(.init_array*)
 .init_array    0x0000000008005128        0x4 /opt/st/stm32cubeide_1.10.1/plugins/com.st.stm32cube.ide.mcu.externaltools.gnu-tools-for-stm32.10.3-2021.10.linux64_1.0.0.202111181127/tools/bin/../lib/gcc/arm-none-eabi/10.3.1/thumb/v7-m/nofp/crtbegin.o
                0x000000000800512c                PROVIDE (__init_array_end = .)
                0x000000000800512c                . = ALIGN (0x4)

.fini_array     0x000000000800512c        0x4
                0x000000000800512c                . = ALIGN (0x4)
                [!provide]                        PROVIDE (__fini_array_start = .)
 *(SORT_BY_NAME(.fini_array.*))
 *(.fini_array*)
 .fini_array    0x000000000800512c        0x4 /opt/st/stm32cubeide_1.10.1/plugins/com.st.stm32cube.ide.mcu.externaltools.gnu-tools-for-stm32.10.3-2021.10.linux64_1.0.0.202111181127/tools/bin/../lib/gcc/arm-none-eabi/10.3.1/thumb/v7-m/nofp/crtbegin.o
                [!provide]                        PROVIDE (__fini_array_end = .)
                0x0000000008005130                . = ALIGN (0x4)
                0x0000000008005130                _sidata = LOADADDR (.data)

.data           0x0000000020000000       0x10 load address 0x0000000008005130
                0x0000000020000000                . = ALIGN (0x4)
                0x0000000020000000                _sdata = .
 *(.data)
 *(.data*)
 .data.input_degree
                0x0000000020000000        0x1 ./Core/Src/main.o
                0x0000000020000000                input_degree
 *fill*         0x0000000020000001        0x3 
 .data.SystemCoreClock
                0x0000000020000004        0x4 ./Core/Src/system_stm32f1xx.o
                0x0000000020000004                SystemCoreClock
 .data.uwTickPrio
                0x0000000020000008        0x4 ./Drivers/STM32F1xx_HAL_Driver/Src/stm32f1xx_hal.o
                0x0000000020000008                uwTickPrio
 .data.uwTickFreq
                0x000000002000000c        0x1 ./Drivers/STM32F1xx_HAL_Driver/Src/stm32f1xx_hal.o
                0x000000002000000c                uwTickFreq
 *(.RamFunc)
 *(.RamFunc*)
                0x0000000020000010                . = ALIGN (0x4)
 *fill*         0x000000002000000d        0x3 
                0x0000000020000010                _edata = .

.igot.plt       0x0000000020000010        0x0 load address 0x0000000008005140
 .igot.plt      0x0000000020000010        0x0 /opt/st/stm32cubeide_1.10.1/plugins/com.st.stm32cube.ide.mcu.externaltools.gnu-tools-for-stm32.10.3-2021.10.linux64_1.0.0.202111181127/tools/bin/../lib/gcc/arm-none-eabi/10.3.1/thumb/v7-m/nofp/crtbegin.o
                0x0000000020000010                . = ALIGN (0x4)

.bss            0x0000000020000010      0x240 load address 0x0000000008005140
                0x0000000020000010                _sbss = .
                0x0000000020000010                __bss_start__ = _sbss
 *(.bss)
 .bss           0x0000000020000010       0x1c /opt/st/stm32cubeide_1.10.1/plugins/com.st.stm32cube.ide.mcu.externaltools.gnu-tools-for-stm32.10.3-2021.10.linux64_1.0.0.202111181127/tools/bin/../lib/gcc/arm-none-eabi/10.3.1/thumb/v7-m/nofp/crtbegin.o
 *(.bss*)
 .bss.hcan      0x000000002000002c       0x28 ./Core/Src/can.o
                0x000000002000002c                hcan
 .bss.data_16   0x0000000020000054        0x2 ./Core/Src/main.o
                0x0000000020000054                data_16
 *fill*         0x0000000020000056        0x2 
 .bss.speed     0x0000000020000058        0x4 ./Core/Src/main.o
                0x0000000020000058                speed
 .bss.load      0x000000002000005c        0x1 ./Core/Src/main.o
                0x000000002000005c                load
 .bss.up_control
                0x000000002000005d        0x1 ./Core/Src/main.o
                0x000000002000005d                up_control
 *fill*         0x000000002000005e        0x2 
 .bss.MPID      0x0000000020000060       0x40 ./Core/Src/main.o
                0x0000000020000060                MPID
 .bss.nowA      0x00000000200000a0        0x2 ./Core/Src/main.o
                0x00000000200000a0                nowA
 *fill*         0x00000000200000a2        0x2 
 .bss.nowB      0x00000000200000a4        0x2 ./Core/Src/main.o
                0x00000000200000a4                nowB
 *fill*         0x00000000200000a6        0x2 
 .bss.lastA     0x00000000200000a8        0x2 ./Core/Src/main.o
                0x00000000200000a8                lastA
 *fill*         0x00000000200000aa        0x2 
 .bss.lastB     0x00000000200000ac        0x2 ./Core/Src/main.o
                0x00000000200000ac                lastB
 *fill*         0x00000000200000ae        0x2 
 .bss.dir       0x00000000200000b0        0x2 ./Core/Src/main.o
                0x00000000200000b0                dir
 *fill*         0x00000000200000b2        0x2 
 .bss.cnt       0x00000000200000b4        0x4 ./Core/Src/main.o
                0x00000000200000b4                cnt
 .bss.Enc_count
                0x00000000200000b8        0x4 ./Core/Src/main.o
                0x00000000200000b8                Enc_count
 .bss.count     0x00000000200000bc        0x4 ./Core/Src/main.o
                0x00000000200000bc                count
 .bss.new_count
                0x00000000200000c0        0x4 ./Core/Src/main.o
                0x00000000200000c0                new_count
 .bss.count_state
                0x00000000200000c4        0x2 ./Core/Src/main.o
                0x00000000200000c4                count_state
 *fill*         0x00000000200000c6        0x2 
 .bss.diff      0x00000000200000c8        0x4 ./Core/Src/main.o
                0x00000000200000c8                diff
 .bss.speedM    0x00000000200000cc        0x8 ./Core/Src/main.o
                0x00000000200000cc                speedM
 .bss.rdps      0x00000000200000d4        0x8 ./Core/Src/main.o
                0x00000000200000d4                rdps
 .bss.Motor1_speed
                0x00000000200000dc        0x4 ./Core/Src/main.o
                0x00000000200000dc                Motor1_speed
 .bss.Motor2_speed
                0x00000000200000e0        0x4 ./Core/Src/main.o
                0x00000000200000e0                Motor2_speed
 .bss.pwm_M1    0x00000000200000e4        0x4 ./Core/Src/main.o
                0x00000000200000e4                pwm_M1
 .bss.pwm_M2    0x00000000200000e8        0x4 ./Core/Src/main.o
                0x00000000200000e8                pwm_M2
 .bss.M_shooter1
                0x00000000200000ec        0x4 ./Core/Src/main.o
                0x00000000200000ec                M_shooter1
 .bss.M_shooter2
                0x00000000200000f0        0x4 ./Core/Src/main.o
                0x00000000200000f0                M_shooter2
 .bss.reload_feedback
                0x00000000200000f4        0x1 ./Core/Src/main.o
                0x00000000200000f4                reload_feedback
 .bss.reload_control
                0x00000000200000f5        0x1 ./Core/Src/main.o
                0x00000000200000f5                reload_control
 .bss.reload_error
                0x00000000200000f6        0x1 ./Core/Src/main.o
                0x00000000200000f6                reload_error
 .bss.right_feedback
                0x00000000200000f7        0x1 ./Core/Src/main.o
                0x00000000200000f7                right_feedback
 .bss.right_control
                0x00000000200000f8        0x1 ./Core/Src/main.o
                0x00000000200000f8                right_control
 .bss.right_error
                0x00000000200000f9        0x1 ./Core/Src/main.o
                0x00000000200000f9                right_error
 .bss.left_feedback
                0x00000000200000fa        0x1 ./Core/Src/main.o
                0x00000000200000fa                left_feedback
 .bss.left_control
                0x00000000200000fb        0x1 ./Core/Src/main.o
                0x00000000200000fb                left_control
 .bss.left_error
                0x00000000200000fc        0x1 ./Core/Src/main.o
                0x00000000200000fc                left_error
 .bss.bit1      0x00000000200000fd        0x1 ./Core/Src/main.o
                0x00000000200000fd                bit1
 .bss.bit2      0x00000000200000fe        0x1 ./Core/Src/main.o
                0x00000000200000fe                bit2
 .bss.bit3      0x00000000200000ff        0x1 ./Core/Src/main.o
                0x00000000200000ff                bit3
 .bss.bit4      0x0000000020000100        0x1 ./Core/Src/main.o
                0x0000000020000100                bit4
 *fill*         0x0000000020000101        0x3 
 .bss.RxHeader  0x0000000020000104       0x1c ./Core/Src/main.o
                0x0000000020000104                RxHeader
 .bss.RxData    0x0000000020000120        0x8 ./Core/Src/main.o
                0x0000000020000120                RxData
 .bss.cntt      0x0000000020000128        0x1 ./Core/Src/main.o
                0x0000000020000128                cntt
 *fill*         0x0000000020000129        0x3 
 .bss.htim1     0x000000002000012c       0x48 ./Core/Src/tim.o
                0x000000002000012c                htim1
 .bss.htim2     0x0000000020000174       0x48 ./Core/Src/tim.o
                0x0000000020000174                htim2
 .bss.htim3     0x00000000200001bc       0x48 ./Core/Src/tim.o
                0x00000000200001bc                htim3
 .bss.htim4     0x0000000020000204       0x48 ./Core/Src/tim.o
                0x0000000020000204                htim4
 .bss.uwTick    0x000000002000024c        0x4 ./Drivers/STM32F1xx_HAL_Driver/Src/stm32f1xx_hal.o
                0x000000002000024c                uwTick
 *(COMMON)
                0x0000000020000250                . = ALIGN (0x4)
                0x0000000020000250                _ebss = .
                0x0000000020000250                __bss_end__ = _ebss

._user_heap_stack
                0x0000000020000250      0x600 load address 0x0000000008005140
                0x0000000020000250                . = ALIGN (0x8)
                [!provide]                        PROVIDE (end = .)
                0x0000000020000250                PROVIDE (_end = .)
                0x0000000020000450                . = (. + _Min_Heap_Size)
 *fill*         0x0000000020000250      0x200 
                0x0000000020000850                . = (. + _Min_Stack_Size)
 *fill*         0x0000000020000450      0x400 
                0x0000000020000850                . = ALIGN (0x8)

/DISCARD/
 libc.a(*)
 libm.a(*)
 libgcc.a(*)

.ARM.attributes
                0x0000000000000000       0x29
 *(.ARM.attributes)
 .ARM.attributes
                0x0000000000000000       0x1d /opt/st/stm32cubeide_1.10.1/plugins/com.st.stm32cube.ide.mcu.externaltools.gnu-tools-for-stm32.10.3-2021.10.linux64_1.0.0.202111181127/tools/bin/../lib/gcc/arm-none-eabi/10.3.1/thumb/v7-m/nofp/crti.o
 .ARM.attributes
                0x000000000000001d       0x2d /opt/st/stm32cubeide_1.10.1/plugins/com.st.stm32cube.ide.mcu.externaltools.gnu-tools-for-stm32.10.3-2021.10.linux64_1.0.0.202111181127/tools/bin/../lib/gcc/arm-none-eabi/10.3.1/thumb/v7-m/nofp/crtbegin.o
 .ARM.attributes
                0x000000000000004a       0x2d ./Core/Src/PID.o
 .ARM.attributes
                0x0000000000000077       0x2d ./Core/Src/can.o
 .ARM.attributes
                0x00000000000000a4       0x2d ./Core/Src/gpio.o
 .ARM.attributes
                0x00000000000000d1       0x2d ./Core/Src/main.o
 .ARM.attributes
                0x00000000000000fe       0x2d ./Core/Src/stm32f1xx_hal_msp.o
 .ARM.attributes
                0x000000000000012b       0x2d ./Core/Src/stm32f1xx_it.o
 .ARM.attributes
                0x0000000000000158       0x2d ./Core/Src/system_stm32f1xx.o
 .ARM.attributes
                0x0000000000000185       0x2d ./Core/Src/tim.o
 .ARM.attributes
                0x00000000000001b2       0x21 ./Core/Startup/startup_stm32f103c8tx.o
 .ARM.attributes
                0x00000000000001d3       0x2d ./Drivers/STM32F1xx_HAL_Driver/Src/stm32f1xx_hal.o
 .ARM.attributes
                0x0000000000000200       0x2d ./Drivers/STM32F1xx_HAL_Driver/Src/stm32f1xx_hal_can.o
 .ARM.attributes
                0x000000000000022d       0x2d ./Drivers/STM32F1xx_HAL_Driver/Src/stm32f1xx_hal_cortex.o
 .ARM.attributes
                0x000000000000025a       0x2d ./Drivers/STM32F1xx_HAL_Driver/Src/stm32f1xx_hal_gpio.o
 .ARM.attributes
                0x0000000000000287       0x2d ./Drivers/STM32F1xx_HAL_Driver/Src/stm32f1xx_hal_rcc.o
 .ARM.attributes
                0x00000000000002b4       0x2d ./Drivers/STM32F1xx_HAL_Driver/Src/stm32f1xx_hal_tim.o
 .ARM.attributes
                0x00000000000002e1       0x2d ./Drivers/STM32F1xx_HAL_Driver/Src/stm32f1xx_hal_tim_ex.o
 .ARM.attributes
                0x000000000000030e       0x2d /opt/st/stm32cubeide_1.10.1/plugins/com.st.stm32cube.ide.mcu.externaltools.gnu-tools-for-stm32.10.3-2021.10.linux64_1.0.0.202111181127/tools/bin/../lib/gcc/arm-none-eabi/10.3.1/../../../../arm-none-eabi/lib/thumb/v7-m/nofp/libc_nano.a(lib_a-init.o)
 .ARM.attributes
                0x000000000000033b       0x2d /opt/st/stm32cubeide_1.10.1/plugins/com.st.stm32cube.ide.mcu.externaltools.gnu-tools-for-stm32.10.3-2021.10.linux64_1.0.0.202111181127/tools/bin/../lib/gcc/arm-none-eabi/10.3.1/../../../../arm-none-eabi/lib/thumb/v7-m/nofp/libc_nano.a(lib_a-memset.o)
 .ARM.attributes
                0x0000000000000368       0x2d /opt/st/stm32cubeide_1.10.1/plugins/com.st.stm32cube.ide.mcu.externaltools.gnu-tools-for-stm32.10.3-2021.10.linux64_1.0.0.202111181127/tools/bin/../lib/gcc/arm-none-eabi/10.3.1/../../../../arm-none-eabi/lib/thumb/v7-m/nofp/libm.a(lib_a-s_round.o)
 .ARM.attributes
                0x0000000000000395       0x1d /opt/st/stm32cubeide_1.10.1/plugins/com.st.stm32cube.ide.mcu.externaltools.gnu-tools-for-stm32.10.3-2021.10.linux64_1.0.0.202111181127/tools/bin/../lib/gcc/arm-none-eabi/10.3.1/thumb/v7-m/nofp/libgcc.a(_arm_muldf3.o)
 .ARM.attributes
                0x00000000000003b2       0x1d /opt/st/stm32cubeide_1.10.1/plugins/com.st.stm32cube.ide.mcu.externaltools.gnu-tools-for-stm32.10.3-2021.10.linux64_1.0.0.202111181127/tools/bin/../lib/gcc/arm-none-eabi/10.3.1/thumb/v7-m/nofp/libgcc.a(_arm_addsubdf3.o)
 .ARM.attributes
                0x00000000000003cf       0x1d /opt/st/stm32cubeide_1.10.1/plugins/com.st.stm32cube.ide.mcu.externaltools.gnu-tools-for-stm32.10.3-2021.10.linux64_1.0.0.202111181127/tools/bin/../lib/gcc/arm-none-eabi/10.3.1/thumb/v7-m/nofp/libgcc.a(_arm_fixunsdfsi.o)
 .ARM.attributes
                0x00000000000003ec       0x1d /opt/st/stm32cubeide_1.10.1/plugins/com.st.stm32cube.ide.mcu.externaltools.gnu-tools-for-stm32.10.3-2021.10.linux64_1.0.0.202111181127/tools/bin/../lib/gcc/arm-none-eabi/10.3.1/thumb/v7-m/nofp/libgcc.a(_arm_truncdfsf2.o)
 .ARM.attributes
                0x0000000000000409       0x1d /opt/st/stm32cubeide_1.10.1/plugins/com.st.stm32cube.ide.mcu.externaltools.gnu-tools-for-stm32.10.3-2021.10.linux64_1.0.0.202111181127/tools/bin/../lib/gcc/arm-none-eabi/10.3.1/thumb/v7-m/nofp/libgcc.a(_arm_addsubsf3.o)
 .ARM.attributes
                0x0000000000000426       0x1d /opt/st/stm32cubeide_1.10.1/plugins/com.st.stm32cube.ide.mcu.externaltools.gnu-tools-for-stm32.10.3-2021.10.linux64_1.0.0.202111181127/tools/bin/../lib/gcc/arm-none-eabi/10.3.1/thumb/v7-m/nofp/libgcc.a(_arm_muldivsf3.o)
 .ARM.attributes
                0x0000000000000443       0x1d /opt/st/stm32cubeide_1.10.1/plugins/com.st.stm32cube.ide.mcu.externaltools.gnu-tools-for-stm32.10.3-2021.10.linux64_1.0.0.202111181127/tools/bin/../lib/gcc/arm-none-eabi/10.3.1/thumb/v7-m/nofp/libgcc.a(_arm_cmpsf2.o)
 .ARM.attributes
                0x0000000000000460       0x1d /opt/st/stm32cubeide_1.10.1/plugins/com.st.stm32cube.ide.mcu.externaltools.gnu-tools-for-stm32.10.3-2021.10.linux64_1.0.0.202111181127/tools/bin/../lib/gcc/arm-none-eabi/10.3.1/thumb/v7-m/nofp/libgcc.a(_arm_fixunssfsi.o)
 .ARM.attributes
                0x000000000000047d       0x1d /opt/st/stm32cubeide_1.10.1/plugins/com.st.stm32cube.ide.mcu.externaltools.gnu-tools-for-stm32.10.3-2021.10.linux64_1.0.0.202111181127/tools/bin/../lib/gcc/arm-none-eabi/10.3.1/thumb/v7-m/nofp/crtn.o
OUTPUT(Controll_board.elf elf32-littlearm)
LOAD linker stubs
LOAD /opt/st/stm32cubeide_1.10.1/plugins/com.st.stm32cube.ide.mcu.externaltools.gnu-tools-for-stm32.10.3-2021.10.linux64_1.0.0.202111181127/tools/bin/../lib/gcc/arm-none-eabi/10.3.1/../../../../arm-none-eabi/lib/thumb/v7-m/nofp/libc.a
LOAD /opt/st/stm32cubeide_1.10.1/plugins/com.st.stm32cube.ide.mcu.externaltools.gnu-tools-for-stm32.10.3-2021.10.linux64_1.0.0.202111181127/tools/bin/../lib/gcc/arm-none-eabi/10.3.1/../../../../arm-none-eabi/lib/thumb/v7-m/nofp/libm.a
LOAD /opt/st/stm32cubeide_1.10.1/plugins/com.st.stm32cube.ide.mcu.externaltools.gnu-tools-for-stm32.10.3-2021.10.linux64_1.0.0.202111181127/tools/bin/../lib/gcc/arm-none-eabi/10.3.1/thumb/v7-m/nofp/libgcc.a

.debug_info     0x0000000000000000     0xb3d8
 .debug_info    0x0000000000000000      0x1dd ./Core/Src/PID.o
 .debug_info    0x00000000000001dd      0x992 ./Core/Src/can.o
 .debug_info    0x0000000000000b6f      0x48e ./Core/Src/gpio.o
 .debug_info    0x0000000000000ffd     0x15a3 ./Core/Src/main.o
 .debug_info    0x00000000000025a0      0x210 ./Core/Src/stm32f1xx_hal_msp.o
 .debug_info    0x00000000000027b0      0xb52 ./Core/Src/stm32f1xx_it.o
 .debug_info    0x0000000000003302      0x23d ./Core/Src/system_stm32f1xx.o
 .debug_info    0x000000000000353f      0xf05 ./Core/Src/tim.o
 .debug_info    0x0000000000004444       0x22 ./Core/Startup/startup_stm32f103c8tx.o
 .debug_info    0x0000000000004466      0x734 ./Drivers/STM32F1xx_HAL_Driver/Src/stm32f1xx_hal.o
 .debug_info    0x0000000000004b9a      0xfb8 ./Drivers/STM32F1xx_HAL_Driver/Src/stm32f1xx_hal_can.o
 .debug_info    0x0000000000005b52      0xb20 ./Drivers/STM32F1xx_HAL_Driver/Src/stm32f1xx_hal_cortex.o
 .debug_info    0x0000000000006672      0x615 ./Drivers/STM32F1xx_HAL_Driver/Src/stm32f1xx_hal_gpio.o
 .debug_info    0x0000000000006c87      0x860 ./Drivers/STM32F1xx_HAL_Driver/Src/stm32f1xx_hal_rcc.o
 .debug_info    0x00000000000074e7     0x29de ./Drivers/STM32F1xx_HAL_Driver/Src/stm32f1xx_hal_tim.o
 .debug_info    0x0000000000009ec5     0x1513 ./Drivers/STM32F1xx_HAL_Driver/Src/stm32f1xx_hal_tim_ex.o

.debug_abbrev   0x0000000000000000     0x1eae
 .debug_abbrev  0x0000000000000000      0x10d ./Core/Src/PID.o
 .debug_abbrev  0x000000000000010d      0x230 ./Core/Src/can.o
 .debug_abbrev  0x000000000000033d      0x152 ./Core/Src/gpio.o
 .debug_abbrev  0x000000000000048f      0x379 ./Core/Src/main.o
 .debug_abbrev  0x0000000000000808       0xd4 ./Core/Src/stm32f1xx_hal_msp.o
 .debug_abbrev  0x00000000000008dc      0x206 ./Core/Src/stm32f1xx_it.o
 .debug_abbrev  0x0000000000000ae2      0x13b ./Core/Src/system_stm32f1xx.o
 .debug_abbrev  0x0000000000000c1d      0x255 ./Core/Src/tim.o
 .debug_abbrev  0x0000000000000e72       0x12 ./Core/Startup/startup_stm32f103c8tx.o
 .debug_abbrev  0x0000000000000e84      0x1fb ./Drivers/STM32F1xx_HAL_Driver/Src/stm32f1xx_hal.o
 .debug_abbrev  0x000000000000107f      0x21d ./Drivers/STM32F1xx_HAL_Driver/Src/stm32f1xx_hal_can.o
 .debug_abbrev  0x000000000000129c      0x2ed ./Drivers/STM32F1xx_HAL_Driver/Src/stm32f1xx_hal_cortex.o
 .debug_abbrev  0x0000000000001589      0x1bb ./Drivers/STM32F1xx_HAL_Driver/Src/stm32f1xx_hal_gpio.o
 .debug_abbrev  0x0000000000001744      0x2a8 ./Drivers/STM32F1xx_HAL_Driver/Src/stm32f1xx_hal_rcc.o
 .debug_abbrev  0x00000000000019ec      0x25d ./Drivers/STM32F1xx_HAL_Driver/Src/stm32f1xx_hal_tim.o
 .debug_abbrev  0x0000000000001c49      0x265 ./Drivers/STM32F1xx_HAL_Driver/Src/stm32f1xx_hal_tim_ex.o

.debug_aranges  0x0000000000000000      0xb60
 .debug_aranges
                0x0000000000000000       0x28 ./Core/Src/PID.o
 .debug_aranges
                0x0000000000000028       0x30 ./Core/Src/can.o
 .debug_aranges
                0x0000000000000058       0x20 ./Core/Src/gpio.o
 .debug_aranges
                0x0000000000000078       0x68 ./Core/Src/main.o
 .debug_aranges
                0x00000000000000e0       0x20 ./Core/Src/stm32f1xx_hal_msp.o
 .debug_aranges
                0x0000000000000100       0x88 ./Core/Src/stm32f1xx_it.o
 .debug_aranges
                0x0000000000000188       0x28 ./Core/Src/system_stm32f1xx.o
 .debug_aranges
                0x00000000000001b0       0x50 ./Core/Src/tim.o
 .debug_aranges
                0x0000000000000200       0x28 ./Core/Startup/startup_stm32f103c8tx.o
 .debug_aranges
                0x0000000000000228       0xe0 ./Drivers/STM32F1xx_HAL_Driver/Src/stm32f1xx_hal.o
 .debug_aranges
                0x0000000000000308      0x138 ./Drivers/STM32F1xx_HAL_Driver/Src/stm32f1xx_hal_can.o
 .debug_aranges
                0x0000000000000440      0x100 ./Drivers/STM32F1xx_HAL_Driver/Src/stm32f1xx_hal_cortex.o
 .debug_aranges
                0x0000000000000540       0x58 ./Drivers/STM32F1xx_HAL_Driver/Src/stm32f1xx_hal_gpio.o
 .debug_aranges
                0x0000000000000598       0x90 ./Drivers/STM32F1xx_HAL_Driver/Src/stm32f1xx_hal_rcc.o
 .debug_aranges
                0x0000000000000628      0x3d0 ./Drivers/STM32F1xx_HAL_Driver/Src/stm32f1xx_hal_tim.o
 .debug_aranges
                0x00000000000009f8      0x168 ./Drivers/STM32F1xx_HAL_Driver/Src/stm32f1xx_hal_tim_ex.o

.debug_ranges   0x0000000000000000      0xa68
 .debug_ranges  0x0000000000000000       0x18 ./Core/Src/PID.o
 .debug_ranges  0x0000000000000018       0x20 ./Core/Src/can.o
 .debug_ranges  0x0000000000000038       0x10 ./Core/Src/gpio.o
 .debug_ranges  0x0000000000000048       0x58 ./Core/Src/main.o
 .debug_ranges  0x00000000000000a0       0x10 ./Core/Src/stm32f1xx_hal_msp.o
 .debug_ranges  0x00000000000000b0       0x78 ./Core/Src/stm32f1xx_it.o
 .debug_ranges  0x0000000000000128       0x18 ./Core/Src/system_stm32f1xx.o
 .debug_ranges  0x0000000000000140       0x40 ./Core/Src/tim.o
 .debug_ranges  0x0000000000000180       0x20 ./Core/Startup/startup_stm32f103c8tx.o
 .debug_ranges  0x00000000000001a0       0xd0 ./Drivers/STM32F1xx_HAL_Driver/Src/stm32f1xx_hal.o
 .debug_ranges  0x0000000000000270      0x128 ./Drivers/STM32F1xx_HAL_Driver/Src/stm32f1xx_hal_can.o
 .debug_ranges  0x0000000000000398       0xf0 ./Drivers/STM32F1xx_HAL_Driver/Src/stm32f1xx_hal_cortex.o
 .debug_ranges  0x0000000000000488       0x48 ./Drivers/STM32F1xx_HAL_Driver/Src/stm32f1xx_hal_gpio.o
 .debug_ranges  0x00000000000004d0       0x80 ./Drivers/STM32F1xx_HAL_Driver/Src/stm32f1xx_hal_rcc.o
 .debug_ranges  0x0000000000000550      0x3c0 ./Drivers/STM32F1xx_HAL_Driver/Src/stm32f1xx_hal_tim.o
 .debug_ranges  0x0000000000000910      0x158 ./Drivers/STM32F1xx_HAL_Driver/Src/stm32f1xx_hal_tim_ex.o

.debug_macro    0x0000000000000000    0x17af5
 .debug_macro   0x0000000000000000       0x1b ./Core/Src/PID.o
 .debug_macro   0x000000000000001b      0xa6c ./Core/Src/PID.o
 .debug_macro   0x0000000000000a87      0x1bc ./Core/Src/can.o
 .debug_macro   0x0000000000000c43      0x21b ./Core/Src/can.o
 .debug_macro   0x0000000000000e5e       0x2e ./Core/Src/can.o
 .debug_macro   0x0000000000000e8c       0x22 ./Core/Src/can.o
 .debug_macro   0x0000000000000eae       0x22 ./Core/Src/can.o
 .debug_macro   0x0000000000000ed0       0x8e ./Core/Src/can.o
 .debug_macro   0x0000000000000f5e       0x51 ./Core/Src/can.o
 .debug_macro   0x0000000000000faf      0x103 ./Core/Src/can.o
 .debug_macro   0x00000000000010b2       0x6a ./Core/Src/can.o
 .debug_macro   0x000000000000111c      0x1df ./Core/Src/can.o
 .debug_macro   0x00000000000012fb       0x1c ./Core/Src/can.o
 .debug_macro   0x0000000000001317       0x22 ./Core/Src/can.o
 .debug_macro   0x0000000000001339       0xbd ./Core/Src/can.o
 .debug_macro   0x00000000000013f6      0xd23 ./Core/Src/can.o
 .debug_macro   0x0000000000002119     0xe09e ./Core/Src/can.o
 .debug_macro   0x00000000000101b7       0x6d ./Core/Src/can.o
 .debug_macro   0x0000000000010224     0x3468 ./Core/Src/can.o
 .debug_macro   0x000000000001368c      0x174 ./Core/Src/can.o
 .debug_macro   0x0000000000013800       0x5c ./Core/Src/can.o
 .debug_macro   0x000000000001385c      0x5be ./Core/Src/can.o
 .debug_macro   0x0000000000013e1a      0x289 ./Core/Src/can.o
 .debug_macro   0x00000000000140a3      0x1cb ./Core/Src/can.o
 .debug_macro   0x000000000001426e      0x114 ./Core/Src/can.o
 .debug_macro   0x0000000000014382      0x1b2 ./Core/Src/can.o
 .debug_macro   0x0000000000014534       0x27 ./Core/Src/can.o
 .debug_macro   0x000000000001455b      0x136 ./Core/Src/can.o
 .debug_macro   0x0000000000014691      0x1bc ./Core/Src/can.o
 .debug_macro   0x000000000001484d       0x34 ./Core/Src/can.o
 .debug_macro   0x0000000000014881       0x3c ./Core/Src/can.o
 .debug_macro   0x00000000000148bd      0x408 ./Core/Src/can.o
 .debug_macro   0x0000000000014cc5       0x57 ./Core/Src/can.o
 .debug_macro   0x0000000000014d1c       0x88 ./Core/Src/can.o
 .debug_macro   0x0000000000014da4      0x241 ./Core/Src/can.o
 .debug_macro   0x0000000000014fe5      0x141 ./Core/Src/can.o
 .debug_macro   0x0000000000015126      0x8d1 ./Core/Src/can.o
 .debug_macro   0x00000000000159f7       0x83 ./Core/Src/can.o
 .debug_macro   0x0000000000015a7a       0xb8 ./Core/Src/can.o
 .debug_macro   0x0000000000015b32      0x1bc ./Core/Src/gpio.o
 .debug_macro   0x0000000000015cee      0x2b9 ./Core/Src/main.o
 .debug_macro   0x0000000000015fa7       0x52 ./Core/Src/main.o
 .debug_macro   0x0000000000015ff9       0x18 ./Core/Src/main.o
 .debug_macro   0x0000000000016011       0x3c ./Core/Src/main.o
 .debug_macro   0x000000000001604d       0x34 ./Core/Src/main.o
 .debug_macro   0x0000000000016081       0x16 ./Core/Src/main.o
 .debug_macro   0x0000000000016097       0x43 ./Core/Src/main.o
 .debug_macro   0x00000000000160da       0x34 ./Core/Src/main.o
 .debug_macro   0x000000000001610e       0x10 ./Core/Src/main.o
 .debug_macro   0x000000000001611e       0x58 ./Core/Src/main.o
 .debug_macro   0x0000000000016176       0x71 ./Core/Src/main.o
 .debug_macro   0x00000000000161e7       0x1c ./Core/Src/main.o
 .debug_macro   0x0000000000016203      0x12a ./Core/Src/main.o
 .debug_macro   0x000000000001632d      0x341 ./Core/Src/main.o
 .debug_macro   0x000000000001666e      0x19b ./Core/Src/main.o
 .debug_macro   0x0000000000016809      0x1b2 ./Core/Src/stm32f1xx_hal_msp.o
 .debug_macro   0x00000000000169bb      0x1bc ./Core/Src/stm32f1xx_it.o
 .debug_macro   0x0000000000016b77      0x1a3 ./Core/Src/system_stm32f1xx.o
 .debug_macro   0x0000000000016d1a      0x1bc ./Core/Src/tim.o
 .debug_macro   0x0000000000016ed6      0x1c7 ./Drivers/STM32F1xx_HAL_Driver/Src/stm32f1xx_hal.o
 .debug_macro   0x000000000001709d      0x1ab ./Drivers/STM32F1xx_HAL_Driver/Src/stm32f1xx_hal_can.o
 .debug_macro   0x0000000000017248      0x1a3 ./Drivers/STM32F1xx_HAL_Driver/Src/stm32f1xx_hal_cortex.o
 .debug_macro   0x00000000000173eb      0x20e ./Drivers/STM32F1xx_HAL_Driver/Src/stm32f1xx_hal_gpio.o
 .debug_macro   0x00000000000175f9      0x1b5 ./Drivers/STM32F1xx_HAL_Driver/Src/stm32f1xx_hal_rcc.o
 .debug_macro   0x00000000000177ae      0x1a4 ./Drivers/STM32F1xx_HAL_Driver/Src/stm32f1xx_hal_tim.o
 .debug_macro   0x0000000000017952      0x1a3 ./Drivers/STM32F1xx_HAL_Driver/Src/stm32f1xx_hal_tim_ex.o

.debug_line     0x0000000000000000     0xbf98
 .debug_line    0x0000000000000000      0x155 ./Core/Src/PID.o
 .debug_line    0x0000000000000155      0x6e5 ./Core/Src/can.o
 .debug_line    0x000000000000083a      0x688 ./Core/Src/gpio.o
 .debug_line    0x0000000000000ec2      0xcb2 ./Core/Src/main.o
 .debug_line    0x0000000000001b74      0x64d ./Core/Src/stm32f1xx_hal_msp.o
 .debug_line    0x00000000000021c1      0x788 ./Core/Src/stm32f1xx_it.o
 .debug_line    0x0000000000002949      0x6cb ./Core/Src/system_stm32f1xx.o
 .debug_line    0x0000000000003014      0x929 ./Core/Src/tim.o
 .debug_line    0x000000000000393d       0x87 ./Core/Startup/startup_stm32f103c8tx.o
 .debug_line    0x00000000000039c4      0x8f8 ./Drivers/STM32F1xx_HAL_Driver/Src/stm32f1xx_hal.o
 .debug_line    0x00000000000042bc     0x1099 ./Drivers/STM32F1xx_HAL_Driver/Src/stm32f1xx_hal_can.o
 .debug_line    0x0000000000005355      0xae0 ./Drivers/STM32F1xx_HAL_Driver/Src/stm32f1xx_hal_cortex.o
 .debug_line    0x0000000000005e35      0x98f ./Drivers/STM32F1xx_HAL_Driver/Src/stm32f1xx_hal_gpio.o
 .debug_line    0x00000000000067c4      0xd06 ./Drivers/STM32F1xx_HAL_Driver/Src/stm32f1xx_hal_rcc.o
 .debug_line    0x00000000000074ca     0x32ae ./Drivers/STM32F1xx_HAL_Driver/Src/stm32f1xx_hal_tim.o
 .debug_line    0x000000000000a778     0x1820 ./Drivers/STM32F1xx_HAL_Driver/Src/stm32f1xx_hal_tim_ex.o

.debug_str      0x0000000000000000    0x8a307
 .debug_str     0x0000000000000000     0x2d3d ./Core/Src/PID.o
                                       0x2d50 (size before relaxing)
 .debug_str     0x0000000000002d3d    0x811e7 ./Core/Src/can.o
                                      0x8427a (size before relaxing)
 .debug_str     0x0000000000083f24       0x68 ./Core/Src/gpio.o
                                      0x83eae (size before relaxing)
 .debug_str     0x0000000000083f8c     0x3ee3 ./Core/Src/main.o
                                      0x87e52 (size before relaxing)
 .debug_str     0x0000000000087e6f       0x50 ./Core/Src/stm32f1xx_hal_msp.o
                                      0x83b2f (size before relaxing)
 .debug_str     0x0000000000087ebf      0x161 ./Core/Src/stm32f1xx_it.o
                                      0x84330 (size before relaxing)
 .debug_str     0x0000000000088020       0x7e ./Core/Src/system_stm32f1xx.o
                                      0x83886 (size before relaxing)
 .debug_str     0x000000000008809e      0x29c ./Core/Src/tim.o
                                      0x84685 (size before relaxing)
 .debug_str     0x000000000008833a       0x36 ./Core/Startup/startup_stm32f103c8tx.o
                                         0x6d (size before relaxing)
 .debug_str     0x0000000000088370      0x378 ./Drivers/STM32F1xx_HAL_Driver/Src/stm32f1xx_hal.o
                                      0x83fb9 (size before relaxing)
 .debug_str     0x00000000000886e8      0x3e8 ./Drivers/STM32F1xx_HAL_Driver/Src/stm32f1xx_hal_can.o
                                      0x84086 (size before relaxing)
 .debug_str     0x0000000000088ad0      0x26c ./Drivers/STM32F1xx_HAL_Driver/Src/stm32f1xx_hal_cortex.o
                                      0x83f05 (size before relaxing)
 .debug_str     0x0000000000088d3c      0x289 ./Drivers/STM32F1xx_HAL_Driver/Src/stm32f1xx_hal_gpio.o
                                      0x83c0c (size before relaxing)
 .debug_str     0x0000000000088fc5      0x229 ./Drivers/STM32F1xx_HAL_Driver/Src/stm32f1xx_hal_rcc.o
                                      0x83cb5 (size before relaxing)
 .debug_str     0x00000000000891ee      0xd38 ./Drivers/STM32F1xx_HAL_Driver/Src/stm32f1xx_hal_tim.o
                                      0x84ca0 (size before relaxing)
 .debug_str     0x0000000000089f26      0x3e1 ./Drivers/STM32F1xx_HAL_Driver/Src/stm32f1xx_hal_tim_ex.o
                                      0x844bc (size before relaxing)

.comment        0x0000000000000000       0x50
 .comment       0x0000000000000000       0x50 ./Core/Src/PID.o
                                         0x51 (size before relaxing)
 .comment       0x0000000000000050       0x51 ./Core/Src/can.o
 .comment       0x0000000000000050       0x51 ./Core/Src/gpio.o
 .comment       0x0000000000000050       0x51 ./Core/Src/main.o
 .comment       0x0000000000000050       0x51 ./Core/Src/stm32f1xx_hal_msp.o
 .comment       0x0000000000000050       0x51 ./Core/Src/stm32f1xx_it.o
 .comment       0x0000000000000050       0x51 ./Core/Src/system_stm32f1xx.o
 .comment       0x0000000000000050       0x51 ./Core/Src/tim.o
 .comment       0x0000000000000050       0x51 ./Drivers/STM32F1xx_HAL_Driver/Src/stm32f1xx_hal.o
 .comment       0x0000000000000050       0x51 ./Drivers/STM32F1xx_HAL_Driver/Src/stm32f1xx_hal_can.o
 .comment       0x0000000000000050       0x51 ./Drivers/STM32F1xx_HAL_Driver/Src/stm32f1xx_hal_cortex.o
 .comment       0x0000000000000050       0x51 ./Drivers/STM32F1xx_HAL_Driver/Src/stm32f1xx_hal_gpio.o
 .comment       0x0000000000000050       0x51 ./Drivers/STM32F1xx_HAL_Driver/Src/stm32f1xx_hal_rcc.o
 .comment       0x0000000000000050       0x51 ./Drivers/STM32F1xx_HAL_Driver/Src/stm32f1xx_hal_tim.o
 .comment       0x0000000000000050       0x51 ./Drivers/STM32F1xx_HAL_Driver/Src/stm32f1xx_hal_tim_ex.o

.debug_frame    0x0000000000000000     0x311c
 .debug_frame   0x0000000000000000       0x64 ./Core/Src/PID.o
 .debug_frame   0x0000000000000064       0x7c ./Core/Src/can.o
 .debug_frame   0x00000000000000e0       0x34 ./Core/Src/gpio.o
 .debug_frame   0x0000000000000114      0x178 ./Core/Src/main.o
 .debug_frame   0x000000000000028c       0x38 ./Core/Src/stm32f1xx_hal_msp.o
 .debug_frame   0x00000000000002c4      0x190 ./Core/Src/stm32f1xx_it.o
 .debug_frame   0x0000000000000454       0x58 ./Core/Src/system_stm32f1xx.o
 .debug_frame   0x00000000000004ac      0x10c ./Core/Src/tim.o
 .debug_frame   0x00000000000005b8      0x334 ./Drivers/STM32F1xx_HAL_Driver/Src/stm32f1xx_hal.o
 .debug_frame   0x00000000000008ec      0x5a0 ./Drivers/STM32F1xx_HAL_Driver/Src/stm32f1xx_hal_can.o
 .debug_frame   0x0000000000000e8c      0x428 ./Drivers/STM32F1xx_HAL_Driver/Src/stm32f1xx_hal_cortex.o
 .debug_frame   0x00000000000012b4      0x14c ./Drivers/STM32F1xx_HAL_Driver/Src/stm32f1xx_hal_gpio.o
 .debug_frame   0x0000000000001400      0x21c ./Drivers/STM32F1xx_HAL_Driver/Src/stm32f1xx_hal_rcc.o
 .debug_frame   0x000000000000161c     0x11b8 ./Drivers/STM32F1xx_HAL_Driver/Src/stm32f1xx_hal_tim.o
 .debug_frame   0x00000000000027d4      0x638 ./Drivers/STM32F1xx_HAL_Driver/Src/stm32f1xx_hal_tim_ex.o
 .debug_frame   0x0000000000002e0c       0x2c /opt/st/stm32cubeide_1.10.1/plugins/com.st.stm32cube.ide.mcu.externaltools.gnu-tools-for-stm32.10.3-2021.10.linux64_1.0.0.202111181127/tools/bin/../lib/gcc/arm-none-eabi/10.3.1/../../../../arm-none-eabi/lib/thumb/v7-m/nofp/libc_nano.a(lib_a-init.o)
 .debug_frame   0x0000000000002e38       0x20 /opt/st/stm32cubeide_1.10.1/plugins/com.st.stm32cube.ide.mcu.externaltools.gnu-tools-for-stm32.10.3-2021.10.linux64_1.0.0.202111181127/tools/bin/../lib/gcc/arm-none-eabi/10.3.1/../../../../arm-none-eabi/lib/thumb/v7-m/nofp/libc_nano.a(lib_a-memset.o)
 .debug_frame   0x0000000000002e58       0x30 /opt/st/stm32cubeide_1.10.1/plugins/com.st.stm32cube.ide.mcu.externaltools.gnu-tools-for-stm32.10.3-2021.10.linux64_1.0.0.202111181127/tools/bin/../lib/gcc/arm-none-eabi/10.3.1/../../../../arm-none-eabi/lib/thumb/v7-m/nofp/libm.a(lib_a-s_round.o)
 .debug_frame   0x0000000000002e88       0x30 /opt/st/stm32cubeide_1.10.1/plugins/com.st.stm32cube.ide.mcu.externaltools.gnu-tools-for-stm32.10.3-2021.10.linux64_1.0.0.202111181127/tools/bin/../lib/gcc/arm-none-eabi/10.3.1/thumb/v7-m/nofp/libgcc.a(_arm_muldf3.o)
 .debug_frame   0x0000000000002eb8       0xac /opt/st/stm32cubeide_1.10.1/plugins/com.st.stm32cube.ide.mcu.externaltools.gnu-tools-for-stm32.10.3-2021.10.linux64_1.0.0.202111181127/tools/bin/../lib/gcc/arm-none-eabi/10.3.1/thumb/v7-m/nofp/libgcc.a(_arm_addsubdf3.o)
 .debug_frame   0x0000000000002f64       0x24 /opt/st/stm32cubeide_1.10.1/plugins/com.st.stm32cube.ide.mcu.externaltools.gnu-tools-for-stm32.10.3-2021.10.linux64_1.0.0.202111181127/tools/bin/../lib/gcc/arm-none-eabi/10.3.1/thumb/v7-m/nofp/libgcc.a(_arm_fixunsdfsi.o)
 .debug_frame   0x0000000000002f88       0x24 /opt/st/stm32cubeide_1.10.1/plugins/com.st.stm32cube.ide.mcu.externaltools.gnu-tools-for-stm32.10.3-2021.10.linux64_1.0.0.202111181127/tools/bin/../lib/gcc/arm-none-eabi/10.3.1/thumb/v7-m/nofp/libgcc.a(_arm_truncdfsf2.o)
 .debug_frame   0x0000000000002fac       0x4c /opt/st/stm32cubeide_1.10.1/plugins/com.st.stm32cube.ide.mcu.externaltools.gnu-tools-for-stm32.10.3-2021.10.linux64_1.0.0.202111181127/tools/bin/../lib/gcc/arm-none-eabi/10.3.1/thumb/v7-m/nofp/libgcc.a(_arm_addsubsf3.o)
 .debug_frame   0x0000000000002ff8       0x38 /opt/st/stm32cubeide_1.10.1/plugins/com.st.stm32cube.ide.mcu.externaltools.gnu-tools-for-stm32.10.3-2021.10.linux64_1.0.0.202111181127/tools/bin/../lib/gcc/arm-none-eabi/10.3.1/thumb/v7-m/nofp/libgcc.a(_arm_muldivsf3.o)
 .debug_frame   0x0000000000003030       0xc8 /opt/st/stm32cubeide_1.10.1/plugins/com.st.stm32cube.ide.mcu.externaltools.gnu-tools-for-stm32.10.3-2021.10.linux64_1.0.0.202111181127/tools/bin/../lib/gcc/arm-none-eabi/10.3.1/thumb/v7-m/nofp/libgcc.a(_arm_cmpsf2.o)
 .debug_frame   0x00000000000030f8       0x24 /opt/st/stm32cubeide_1.10.1/plugins/com.st.stm32cube.ide.mcu.externaltools.gnu-tools-for-stm32.10.3-2021.10.linux64_1.0.0.202111181127/tools/bin/../lib/gcc/arm-none-eabi/10.3.1/thumb/v7-m/nofp/libgcc.a(_arm_fixunssfsi.o)
