Archive member included to satisfy reference by file (symbol)

/opt/st/stm32cubeide_1.10.1/plugins/com.st.stm32cube.ide.mcu.externaltools.gnu-tools-for-stm32.10.3-2021.10.linux64_1.0.0.202111181127/tools/bin/../lib/gcc/arm-none-eabi/10.3.1/../../../../arm-none-eabi/lib/thumb/v7-m/nofp/libc_nano.a(lib_a-errno.o)
                              ./Core/Src/syscalls.o (__errno)
/opt/st/stm32cubeide_1.10.1/plugins/com.st.stm32cube.ide.mcu.externaltools.gnu-tools-for-stm32.10.3-2021.10.linux64_1.0.0.202111181127/tools/bin/../lib/gcc/arm-none-eabi/10.3.1/../../../../arm-none-eabi/lib/thumb/v7-m/nofp/libc_nano.a(lib_a-exit.o)
                              /opt/st/stm32cubeide_1.10.1/plugins/com.st.stm32cube.ide.mcu.externaltools.gnu-tools-for-stm32.10.3-2021.10.linux64_1.0.0.202111181127/tools/bin/../lib/gcc/arm-none-eabi/10.3.1/../../../../arm-none-eabi/lib/thumb/v7-m/nofp/crt0.o (exit)
/opt/st/stm32cubeide_1.10.1/plugins/com.st.stm32cube.ide.mcu.externaltools.gnu-tools-for-stm32.10.3-2021.10.linux64_1.0.0.202111181127/tools/bin/../lib/gcc/arm-none-eabi/10.3.1/../../../../arm-none-eabi/lib/thumb/v7-m/nofp/libc_nano.a(lib_a-impure.o)
                              /opt/st/stm32cubeide_1.10.1/plugins/com.st.stm32cube.ide.mcu.externaltools.gnu-tools-for-stm32.10.3-2021.10.linux64_1.0.0.202111181127/tools/bin/../lib/gcc/arm-none-eabi/10.3.1/../../../../arm-none-eabi/lib/thumb/v7-m/nofp/libc_nano.a(lib_a-exit.o) (_global_impure_ptr)
/opt/st/stm32cubeide_1.10.1/plugins/com.st.stm32cube.ide.mcu.externaltools.gnu-tools-for-stm32.10.3-2021.10.linux64_1.0.0.202111181127/tools/bin/../lib/gcc/arm-none-eabi/10.3.1/../../../../arm-none-eabi/lib/thumb/v7-m/nofp/libc_nano.a(lib_a-init.o)
                              /opt/st/stm32cubeide_1.10.1/plugins/com.st.stm32cube.ide.mcu.externaltools.gnu-tools-for-stm32.10.3-2021.10.linux64_1.0.0.202111181127/tools/bin/../lib/gcc/arm-none-eabi/10.3.1/../../../../arm-none-eabi/lib/thumb/v7-m/nofp/crt0.o (__libc_init_array)
/opt/st/stm32cubeide_1.10.1/plugins/com.st.stm32cube.ide.mcu.externaltools.gnu-tools-for-stm32.10.3-2021.10.linux64_1.0.0.202111181127/tools/bin/../lib/gcc/arm-none-eabi/10.3.1/../../../../arm-none-eabi/lib/thumb/v7-m/nofp/libc_nano.a(lib_a-memset.o)
                              /opt/st/stm32cubeide_1.10.1/plugins/com.st.stm32cube.ide.mcu.externaltools.gnu-tools-for-stm32.10.3-2021.10.linux64_1.0.0.202111181127/tools/bin/../lib/gcc/arm-none-eabi/10.3.1/../../../../arm-none-eabi/lib/thumb/v7-m/nofp/crt0.o (memset)
/opt/st/stm32cubeide_1.10.1/plugins/com.st.stm32cube.ide.mcu.externaltools.gnu-tools-for-stm32.10.3-2021.10.linux64_1.0.0.202111181127/tools/bin/../lib/gcc/arm-none-eabi/10.3.1/../../../../arm-none-eabi/lib/thumb/v7-m/nofp/libm.a(lib_a-s_round.o)
                              ./Core/Src/main.o (round)
/opt/st/stm32cubeide_1.10.1/plugins/com.st.stm32cube.ide.mcu.externaltools.gnu-tools-for-stm32.10.3-2021.10.linux64_1.0.0.202111181127/tools/bin/../lib/gcc/arm-none-eabi/10.3.1/thumb/v7-m/nofp/libgcc.a(_arm_muldf3.o)
                              ./Core/Src/main.o (__aeabi_dmul)
/opt/st/stm32cubeide_1.10.1/plugins/com.st.stm32cube.ide.mcu.externaltools.gnu-tools-for-stm32.10.3-2021.10.linux64_1.0.0.202111181127/tools/bin/../lib/gcc/arm-none-eabi/10.3.1/thumb/v7-m/nofp/libgcc.a(_arm_mulsf3.o)
                              ./Core/Src/PID.o (__aeabi_fmul)
/opt/st/stm32cubeide_1.10.1/plugins/com.st.stm32cube.ide.mcu.externaltools.gnu-tools-for-stm32.10.3-2021.10.linux64_1.0.0.202111181127/tools/bin/../lib/gcc/arm-none-eabi/10.3.1/thumb/v7-m/nofp/libgcc.a(_arm_addsubdf3.o)
                              ./Core/Src/main.o (__aeabi_dadd)
/opt/st/stm32cubeide_1.10.1/plugins/com.st.stm32cube.ide.mcu.externaltools.gnu-tools-for-stm32.10.3-2021.10.linux64_1.0.0.202111181127/tools/bin/../lib/gcc/arm-none-eabi/10.3.1/thumb/v7-m/nofp/libgcc.a(_arm_fixunsdfsi.o)
                              ./Core/Src/main.o (__aeabi_d2uiz)
/opt/st/stm32cubeide_1.10.1/plugins/com.st.stm32cube.ide.mcu.externaltools.gnu-tools-for-stm32.10.3-2021.10.linux64_1.0.0.202111181127/tools/bin/../lib/gcc/arm-none-eabi/10.3.1/thumb/v7-m/nofp/libgcc.a(_arm_truncdfsf2.o)
                              ./Core/Src/main.o (__aeabi_d2f)
/opt/st/stm32cubeide_1.10.1/plugins/com.st.stm32cube.ide.mcu.externaltools.gnu-tools-for-stm32.10.3-2021.10.linux64_1.0.0.202111181127/tools/bin/../lib/gcc/arm-none-eabi/10.3.1/thumb/v7-m/nofp/libgcc.a(_arm_addsubsf3.o)
                              ./Core/Src/PID.o (__aeabi_fsub)
/opt/st/stm32cubeide_1.10.1/plugins/com.st.stm32cube.ide.mcu.externaltools.gnu-tools-for-stm32.10.3-2021.10.linux64_1.0.0.202111181127/tools/bin/../lib/gcc/arm-none-eabi/10.3.1/thumb/v7-m/nofp/libgcc.a(_arm_muldivsf3.o)
                              ./Core/Src/PID.o (__aeabi_fdiv)
/opt/st/stm32cubeide_1.10.1/plugins/com.st.stm32cube.ide.mcu.externaltools.gnu-tools-for-stm32.10.3-2021.10.linux64_1.0.0.202111181127/tools/bin/../lib/gcc/arm-none-eabi/10.3.1/thumb/v7-m/nofp/libgcc.a(_arm_cmpsf2.o)
[...]
Memory Configuration

Name             Origin             Length             Attributes
RAM              0x0000000020000000 0x0000000000005000 xrw
FLASH            0x0000000008000000 0x0000000000010000 xr
*default*        0x0000000000000000 0xffffffffffffffff

Linker script and memory map

LOAD /opt/st/stm32cubeide_1.10.1/plugins/com.st.stm32cube.ide.mcu.externaltools.gnu-tools-for-stm32.10.3-2021.10.linux64_1.0.0.202111181127/tools/bin/../lib/gcc/arm-none-eabi/10.3.1/thumb/v7-m/nofp/crti.o
LOAD /opt/st/stm32cubeide_1.10.1/plugins/com.st.stm32cube.ide.mcu.externaltools.gnu-tools-for-stm32.10.3-2021.10.linux64_1.0.0.202111181127/tools/bin/../lib/gcc/arm-none-eabi/10.3.1/thumb/v7-m/nofp/crtbegin.o
LOAD /opt/st/stm32cubeide_1.10.1/plugins/com.st.stm32cube.ide.mcu.externaltools.gnu-tools-for-stm32.10.3-2021.10.linux64_1.0.0.202111181127/tools/bin/../lib/gcc/arm-none-eabi/10.3.1/../../../../arm-none-eabi/lib/thumb/v7-m/nofp/crt0.o
LOAD ./Core/Src/PID.o
LOAD ./Core/Src/can.o
LOAD ./Core/Src/gpio.o
LOAD ./Core/Src/main.o
LOAD ./Core/Src/stm32f1xx_hal_msp.o
LOAD ./Core/Src/stm32f1xx_it.o
LOAD ./Core/Src/syscalls.o
LOAD ./Core/Src/sysmem.o
LOAD ./Core/Src/system_stm32f1xx.o
LOAD ./Core/Src/tim.o
LOAD ./Core/Startup/startup_stm32f103c8tx.o
LOAD ./Drivers/STM32F1xx_HAL_Driver/Src/stm32f1xx_hal.o
LOAD ./Drivers/STM32F1xx_HAL_Driver/Src/stm32f1xx_hal_can.o
LOAD ./Drivers/STM32F1xx_HAL_Driver/Src/stm32f1xx_hal_cortex.o
LOAD ./Drivers/STM32F1xx_HAL_Driver/Src/stm32f1xx_hal_dma.o
LOAD ./Drivers/STM32F1xx_HAL_Driver/Src/stm32f1xx_hal_exti.o
LOAD ./Drivers/STM32F1xx_HAL_Driver/Src/stm32f1xx_hal_flash.o
LOAD ./Drivers/STM32F1xx_HAL_Driver/Src/stm32f1xx_hal_flash_ex.o
LOAD ./Drivers/STM32F1xx_HAL_Driver/Src/stm32f1xx_hal_gpio.o
LOAD ./Drivers/STM32F1xx_HAL_Driver/Src/stm32f1xx_hal_gpio_ex.o
LOAD ./Drivers/STM32F1xx_HAL_Driver/Src/stm32f1xx_hal_pwr.o
LOAD ./Drivers/STM32F1xx_HAL_Driver/Src/stm32f1xx_hal_rcc.o
LOAD ./Drivers/STM32F1xx_HAL_Driver/Src/stm32f1xx_hal_rcc_ex.o
LOAD ./Drivers/STM32F1xx_HAL_Driver/Src/stm32f1xx_hal_tim.o
LOAD ./Drivers/STM32F1xx_HAL_Driver/Src/stm32f1xx_hal_tim_ex.o
START GROUP
LOAD /opt/st/stm32cubeide_1.10.1/plugins/com.st.stm32cube.ide.mcu.externaltools.gnu-tools-for-stm32.10.3-2021.10.linux64_1.0.0.202111181127/tools/bin/../lib/gcc/arm-none-eabi/10.3.1/../../../../arm-none-eabi/lib/thumb/v7-m/nofp/libc_nano.a
LOAD /opt/st/stm32cubeide_1.10.1/plugins/com.st.stm32cube.ide.mcu.externaltools.gnu-tools-for-stm32.10.3-2021.10.linux64_1.0.0.202111181127/tools/bin/../lib/gcc/arm-none-eabi/10.3.1/../../../../arm-none-eabi/lib/thumb/v7-m/nofp/libm.a
END GROUP
START GROUP
LOAD /opt/st/stm32cubeide_1.10.1/plugins/com.st.stm32cube.ide.mcu.externaltools.gnu-tools-for-stm32.10.3-2021.10.linux64_1.0.0.202111181127/tools/bin/../lib/gcc/arm-none-eabi/10.3.1/thumb/v7-m/nofp/libgcc.a
LOAD /opt/st/stm32cubeide_1.10.1/plugins/com.st.stm32cube.ide.mcu.externaltools.gnu-tools-for-stm32.10.3-2021.10.linux64_1.0.0.202111181127/tools/bin/../lib/gcc/arm-none-eabi/10.3.1/../../../../arm-none-eabi/lib/thumb/v7-m/nofp/libc_nano.a
END GROUP
START GROUP
LOAD /opt/st/stm32cubeide_1.10.1/plugins/com.st.stm32cube.ide.mcu.externaltools.gnu-tools-for-stm32.10.3-2021.10.linux64_1.0.0.202111181127/tools/bin/../lib/gcc/arm-none-eabi/10.3.1/thumb/v7-m/nofp/libgcc.a
LOAD /opt/st/stm32cubeide_1.10.1/plugins/com.st.stm32cube.ide.mcu.externaltools.gnu-tools-for-stm32.10.3-2021.10.linux64_1.0.0.202111181127/tools/bin/../lib/gcc/arm-none-eabi/10.3.1/../../../../arm-none-eabi/lib/thumb/v7-m/nofp/libc_nano.a
LOAD /opt/st/stm32cubeide_1.10.1/plugins/com.st.stm32cube.ide.mcu.externaltools.gnu-tools-for-stm32.10.3-2021.10.linux64_1.0.0.202111181127/tools/bin/../lib/gcc/arm-none-eabi/10.3.1/../../../../arm-none-eabi/lib/thumb/v7-m/nofp/libnosys.a
END GROUP
START GROUP
LOAD /opt/st/stm32cubeide_1.10.1/plugins/com.st.stm32cube.ide.mcu.externaltools.gnu-tools-for-stm32.10.3-2021.10.linux64_1.0.0.202111181127/tools/bin/../lib/gcc/arm-none-eabi/10.3.1/thumb/v7-m/nofp/libgcc.a
LOAD /opt/st/stm32cubeide_1.10.1/plugins/com.st.stm32cube.ide.mcu.externaltools.gnu-tools-for-stm32.10.3-2021.10.linux64_1.0.0.202111181127/tools/bin/../lib/gcc/arm-none-eabi/10.3.1/../../../../arm-none-eabi/lib/thumb/v7-m/nofp/libc_nano.a
LOAD /opt/st/stm32cubeide_1.10.1/plugins/com.st.stm32cube.ide.mcu.externaltools.gnu-tools-for-stm32.10.3-2021.10.linux64_1.0.0.202111181127/tools/bin/../lib/gcc/arm-none-eabi/10.3.1/../../../../arm-none-eabi/lib/thumb/v7-m/nofp/libnosys.a
END GROUP
LOAD /opt/st/stm32cubeide_1.10.1/plugins/com.st.stm32cube.ide.mcu.externaltools.gnu-tools-for-stm32.10.3-2021.10.linux64_1.0.0.202111181127/tools/bin/../lib/gcc/arm-none-eabi/10.3.1/thumb/v7-m/nofp/crtend.o
LOAD /opt/st/stm32cubeide_1.10.1/plugins/com.st.stm32cube.ide.mcu.externaltools.gnu-tools-for-stm32.10.3-2021.10.linux64_1.0.0.202111181127/tools/bin/../lib/gcc/arm-none-eabi/10.3.1/thumb/v7-m/nofp/crtn.o
                0x0000000020005000                _estack = (ORIGIN (RAM) + LENGTH (RAM))
                0x0000000000000200                _Min_Heap_Size = 0x200
                0x0000000000000400                _Min_Stack_Size = 0x400

.isr_vector     0x0000000008000000      0x10c
                0x0000000008000000                . = ALIGN (0x4)
 *(.isr_vector)
 .isr_vector    0x0000000008000000      0x10c ./Core/Startup/startup_stm32f103c8tx.o
                0x0000000008000000                g_pfnVectors
                0x000000000800010c                . = ALIGN (0x4)

.text           0x0000000008000110     0x526c
                0x0000000008000110                . = ALIGN (0x4)
 *(.text)
 .text          0x0000000008000110       0x40 /opt/st/stm32cubeide_1.10.1/plugins/com.st.stm32cube.ide.mcu.externaltools.gnu-tools-for-stm32.10.3-2021.10.linux64_1.0.0.202111181127/tools/bin/../lib/gcc/arm-none-eabi/10.3.1/thumb/v7-m/nofp/crtbegin.o
 .text          0x0000000008000150      0x254 /opt/st/stm32cubeide_1.10.1/plugins/com.st.stm32cube.ide.mcu.externaltools.gnu-tools-for-stm32.10.3-2021.10.linux64_1.0.0.202111181127/tools/bin/../lib/gcc/arm-none-eabi/10.3.1/thumb/v7-m/nofp/libgcc.a(_arm_muldf3.o)
                0x0000000008000150                __aeabi_dmul
                0x0000000008000150                __muldf3
 .text          0x00000000080003a4      0x378 /opt/st/stm32cubeide_1.10.1/plugins/com.st.stm32cube.ide.mcu.externaltools.gnu-tools-for-stm32.10.3-2021.10.linux64_1.0.0.202111181127/tools/bin/../lib/gcc/arm-none-eabi/10.3.1/thumb/v7-m/nofp/libgcc.a(_arm_addsubdf3.o)
                0x00000000080003a4                __aeabi_drsub
                0x00000000080003ac                __aeabi_dsub
                0x00000000080003ac                __subdf3
                0x00000000080003b0                __adddf3
                0x00000000080003b0                __aeabi_dadd
                0x0000000008000628                __aeabi_ui2d
                0x0000000008000628                __floatunsidf
                0x0000000008000648                __floatsidf
                0x0000000008000648                __aeabi_i2d
                0x000000000800066c                __extendsfdf2
                0x000000000800066c                __aeabi_f2d
                0x00000000080006b0                __aeabi_ul2d
                0x00000000080006b0                __floatundidf
                0x00000000080006c0                __floatdidf
                0x00000000080006c0                __aeabi_l2d
 .text          0x000000000800071c       0x40 /opt/st/stm32cubeide_1.10.1/plugins/com.st.stm32cube.ide.mcu.externaltools.gnu-tools-for-stm32.10.3-2021.10.linux64_1.0.0.202111181127/tools/bin/../lib/gcc/arm-none-eabi/10.3.1/thumb/v7-m/nofp/libgcc.a(_arm_fixunsdfsi.o)
                0x000000000800071c                __fixunsdfsi
                0x000000000800071c                __aeabi_d2uiz
 .text          0x000000000800075c       0xa0 /opt/st/stm32cubeide_1.10.1/plugins/com.st.stm32cube.ide.mcu.externaltools.gnu-tools-for-stm32.10.3-2021.10.linux64_1.0.0.202111181127/tools/bin/../lib/gcc/arm-none-eabi/10.3.1/thumb/v7-m/nofp/libgcc.a(_arm_truncdfsf2.o)
                0x000000000800075c                __aeabi_d2f
                0x000000000800075c                __truncdfsf2
 .text          0x00000000080007fc      0x21c /opt/st/stm32cubeide_1.10.1/plugins/com.st.stm32cube.ide.mcu.externaltools.gnu-tools-for-stm32.10.3-2021.10.linux64_1.0.0.202111181127/tools/bin/../lib/gcc/arm-none-eabi/10.3.1/thumb/v7-m/nofp/libgcc.a(_arm_addsubsf3.o)
                0x00000000080007fc                __aeabi_frsub
                0x0000000008000804                __subsf3
                0x0000000008000804                __aeabi_fsub
                0x0000000008000808                __aeabi_fadd
                0x0000000008000808                __addsf3
                0x0000000008000968                __aeabi_ui2f
                0x0000000008000968                __floatunsisf
                0x0000000008000970                __aeabi_i2f
                0x0000000008000970                __floatsisf
                0x000000000800098c                __floatundisf
                0x000000000800098c                __aeabi_ul2f
                0x000000000800099c                __floatdisf
                0x000000000800099c                __aeabi_l2f
 .text          0x0000000008000a18      0x2a0 /opt/st/stm32cubeide_1.10.1/plugins/com.st.stm32cube.ide.mcu.externaltools.gnu-tools-for-stm32.10.3-2021.10.linux64_1.0.0.202111181127/tools/bin/../lib/gcc/arm-none-eabi/10.3.1/thumb/v7-m/nofp/libgcc.a(_arm_muldivsf3.o)
                0x0000000008000a18                __mulsf3
                0x0000000008000a18                __aeabi_fmul
                0x0000000008000b80                __divsf3
                0x0000000008000b80                __aeabi_fdiv
 .text          0x0000000008000cb8       0xec /opt/st/stm32cubeide_1.10.1/plugins/com.st.stm32cube.ide.mcu.externaltools.gnu-tools-for-stm32.10.3-2021.10.linux64_1.0.0.202111181127/tools/bin/../lib/gcc/arm-none-eabi/10.3.1/thumb/v7-m/nofp/libgcc.a(_arm_cmpsf2.o)
                0x0000000008000cb8                __gtsf2
                0x0000000008000cb8                __gesf2
                0x0000000008000cc0                __lesf2
                0x0000000008000cc0                __ltsf2
                0x0000000008000cc8                __nesf2
                0x0000000008000cc8                __eqsf2
                0x0000000008000cc8                __cmpsf2
                0x0000000008000d28                __aeabi_cfrcmple
                0x0000000008000d30                __aeabi_cfcmple
                0x0000000008000d30                __aeabi_cfcmpeq
                0x0000000008000d40                __aeabi_fcmpeq
                0x0000000008000d54                __aeabi_fcmplt
                0x0000000008000d68                __aeabi_fcmple
                0x0000000008000d7c                __aeabi_fcmpge
                0x0000000008000d90                __aeabi_fcmpgt
 .text          0x0000000008000da4       0x40 /opt/st/stm32cubeide_1.10.1/plugins/com.st.stm32cube.ide.mcu.externaltools.gnu-tools-for-stm32.10.3-2021.10.linux64_1.0.0.202111181127/tools/bin/../lib/gcc/arm-none-eabi/10.3.1/thumb/v7-m/nofp/libgcc.a(_arm_fixunssfsi.o)
                0x0000000008000da4                __aeabi_f2uiz
                0x0000000008000da4                __fixunssfsi
 *(.text*)
 .text.PID_Init
                0x0000000008000de4       0x70 ./Core/Src/PID.o
                0x0000000008000de4                PID_Init
 .text.PID      0x0000000008000e54      0x25a ./Core/Src/PID.o
                0x0000000008000e54                PID
 *fill*         0x00000000080010ae        0x2 
 .text.MX_CAN_Init
                0x00000000080010b0       0xa4 ./Core/Src/can.o
                0x00000000080010b0                MX_CAN_Init
 .text.HAL_CAN_MspInit
                0x0000000008001154       0xa8 ./Core/Src/can.o
                0x0000000008001154                HAL_CAN_MspInit
 .text.MX_GPIO_Init
                0x00000000080011fc      0x154 ./Core/Src/gpio.o
                0x00000000080011fc                MX_GPIO_Init
 .text.map      0x0000000008001350       0x56 ./Core/Src/main.o
                0x0000000008001350                map
 *fill*         0x00000000080013a6        0x2 
 .text.HAL_CAN_RxFifo1MsgPendingCallback
                0x00000000080013a8      0x228 ./Core/Src/main.o
                0x00000000080013a8                HAL_CAN_RxFifo1MsgPendingCallback
 .text.servo_rotation
                0x00000000080015d0       0x88 ./Core/Src/main.o
                0x00000000080015d0                servo_rotation
 .text.prepare_function
                0x0000000008001658       0x3c ./Core/Src/main.o
                0x0000000008001658                prepare_function
 .text.reload_function
                0x0000000008001694       0xa8 ./Core/Src/main.o
                0x0000000008001694                reload_function
 .text.start_fucntion
                0x000000000800173c       0x60 ./Core/Src/main.o
                0x000000000800173c                start_fucntion
 .text.shoot_function
                0x000000000800179c       0x60 ./Core/Src/main.o
                0x000000000800179c                shoot_function
 .text.encoder  0x00000000080017fc      0x1dc ./Core/Src/main.o
                0x00000000080017fc                encoder
 .text.Motors_RPS
                0x00000000080019d8      0x1fc ./Core/Src/main.o
                0x00000000080019d8                Motors_RPS
 .text.main     0x0000000008001bd4      0x160 ./Core/Src/main.o
                0x0000000008001bd4                main
 .text.SystemClock_Config
                0x0000000008001d34       0x8a ./Core/Src/main.o
                0x0000000008001d34                SystemClock_Config
 *fill*         0x0000000008001dbe        0x2 
 .text.HAL_GPIO_EXTI_Callback
                0x0000000008001dc0       0x80 ./Core/Src/main.o
                0x0000000008001dc0                HAL_GPIO_EXTI_Callback
 .text.HAL_TIM_PeriodElapsedCallback
                0x0000000008001e40      0x400 ./Core/Src/main.o
                0x0000000008001e40                HAL_TIM_PeriodElapsedCallback
 .text.Error_Handler
                0x0000000008002240        0xa ./Core/Src/main.o
                0x0000000008002240                Error_Handler
 *fill*         0x000000000800224a        0x2 
 .text.HAL_MspInit
                0x000000000800224c       0x64 ./Core/Src/stm32f1xx_hal_msp.o
                0x000000000800224c                HAL_MspInit
 .text.NMI_Handler
                0x00000000080022b0        0x6 ./Core/Src/stm32f1xx_it.o
                0x00000000080022b0                NMI_Handler
 .text.HardFault_Handler
                0x00000000080022b6        0x6 ./Core/Src/stm32f1xx_it.o
                0x00000000080022b6                HardFault_Handler
 .text.MemManage_Handler
                0x00000000080022bc        0x6 ./Core/Src/stm32f1xx_it.o
                0x00000000080022bc                MemManage_Handler
 .text.BusFault_Handler
                0x00000000080022c2        0x6 ./Core/Src/stm32f1xx_it.o
                0x00000000080022c2                BusFault_Handler
 .text.UsageFault_Handler
                0x00000000080022c8        0x6 ./Core/Src/stm32f1xx_it.o
                0x00000000080022c8                UsageFault_Handler
 .text.SVC_Handler
                0x00000000080022ce        0xc ./Core/Src/stm32f1xx_it.o
                0x00000000080022ce                SVC_Handler
 .text.DebugMon_Handler
                0x00000000080022da        0xc ./Core/Src/stm32f1xx_it.o
                0x00000000080022da                DebugMon_Handler
 .text.PendSV_Handler
                0x00000000080022e6        0xc ./Core/Src/stm32f1xx_it.o
                0x00000000080022e6                PendSV_Handler
 .text.SysTick_Handler
                0x00000000080022f2        0xc ./Core/Src/stm32f1xx_it.o
                0x00000000080022f2                SysTick_Handler
 .text.EXTI3_IRQHandler
                0x00000000080022fe        0xe ./Core/Src/stm32f1xx_it.o
                0x00000000080022fe                EXTI3_IRQHandler
 .text.EXTI4_IRQHandler
                0x000000000800230c        0xe ./Core/Src/stm32f1xx_it.o
                0x000000000800230c                EXTI4_IRQHandler
 *fill*         0x000000000800231a        0x2 
 .text.CAN1_RX1_IRQHandler
                0x000000000800231c       0x14 ./Core/Src/stm32f1xx_it.o
                0x000000000800231c                CAN1_RX1_IRQHandler
 .text.EXTI9_5_IRQHandler
                0x0000000008002330       0x14 ./Core/Src/stm32f1xx_it.o
                0x0000000008002330                EXTI9_5_IRQHandler
 .text.TIM2_IRQHandler
                0x0000000008002344       0x14 ./Core/Src/stm32f1xx_it.o
                0x0000000008002344                TIM2_IRQHandler
 .text.SystemInit
                0x0000000008002358        0xc ./Core/Src/system_stm32f1xx.o
                0x0000000008002358                SystemInit
 .text.MX_TIM1_Init
                0x0000000008002364      0x158 ./Core/Src/tim.o
                0x0000000008002364                MX_TIM1_Init
 .text.MX_TIM2_Init
                0x00000000080024bc       0x9c ./Core/Src/tim.o
                0x00000000080024bc                MX_TIM2_Init
 .text.MX_TIM3_Init
                0x0000000008002558       0xf0 ./Core/Src/tim.o
                0x0000000008002558                MX_TIM3_Init
 .text.MX_TIM4_Init
                0x0000000008002648      0x130 ./Core/Src/tim.o
                0x0000000008002648                MX_TIM4_Init
 .text.HAL_TIM_Base_MspInit
                0x0000000008002778       0xc0 ./Core/Src/tim.o
                0x0000000008002778                HAL_TIM_Base_MspInit
 .text.HAL_TIM_MspPostInit
                0x0000000008002838      0x114 ./Core/Src/tim.o
                0x0000000008002838                HAL_TIM_MspPostInit
 .text.Reset_Handler
                0x000000000800294c       0x48 ./Core/Startup/startup_stm32f103c8tx.o
                0x000000000800294c                Reset_Handler
 .text.Default_Handler
                0x0000000008002994        0x2 ./Core/Startup/startup_stm32f103c8tx.o
                0x0000000008002994                RTC_Alarm_IRQHandler
                0x0000000008002994                EXTI2_IRQHandler
                0x0000000008002994                TIM1_CC_IRQHandler
                0x0000000008002994                PVD_IRQHandler
                0x0000000008002994                EXTI0_IRQHandler
                0x0000000008002994                I2C2_EV_IRQHandler
                0x0000000008002994                ADC1_2_IRQHandler
                0x0000000008002994                SPI1_IRQHandler
                0x0000000008002994                TAMPER_IRQHandler
                0x0000000008002994                DMA1_Channel4_IRQHandler
                0x0000000008002994                USART3_IRQHandler
                0x0000000008002994                RTC_IRQHandler
                0x0000000008002994                DMA1_Channel7_IRQHandler
                0x0000000008002994                TIM4_IRQHandler
                0x0000000008002994                I2C1_EV_IRQHandler
                0x0000000008002994                DMA1_Channel6_IRQHandler
                0x0000000008002994                TIM3_IRQHandler
                0x0000000008002994                RCC_IRQHandler
                0x0000000008002994                TIM1_TRG_COM_IRQHandler
                0x0000000008002994                DMA1_Channel1_IRQHandler
                0x0000000008002994                Default_Handler
                0x0000000008002994                EXTI15_10_IRQHandler
                0x0000000008002994                SPI2_IRQHandler
                0x0000000008002994                DMA1_Channel5_IRQHandler
                0x0000000008002994                USB_LP_CAN1_RX0_IRQHandler
                0x0000000008002994                USB_HP_CAN1_TX_IRQHandler
                0x0000000008002994                DMA1_Channel3_IRQHandler
                0x0000000008002994                TIM1_UP_IRQHandler
                0x0000000008002994                WWDG_IRQHandler
                0x0000000008002994                TIM1_BRK_IRQHandler
                0x0000000008002994                EXTI1_IRQHandler
                0x0000000008002994                USART2_IRQHandler
                0x0000000008002994                I2C2_ER_IRQHandler
                0x0000000008002994                DMA1_Channel2_IRQHandler
                0x0000000008002994                CAN1_SCE_IRQHandler
                0x0000000008002994                FLASH_IRQHandler
                0x0000000008002994                USART1_IRQHandler
                0x0000000008002994                I2C1_ER_IRQHandler
                0x0000000008002994                USBWakeUp_IRQHandler
 *fill*         0x0000000008002996        0x2 
 .text.HAL_Init
                0x0000000008002998       0x2c ./Drivers/STM32F1xx_HAL_Driver/Src/stm32f1xx_hal.o
                0x0000000008002998                HAL_Init
 .text.HAL_InitTick
                0x00000000080029c4       0x60 ./Drivers/STM32F1xx_HAL_Driver/Src/stm32f1xx_hal.o
                0x00000000080029c4                HAL_InitTick
 .text.HAL_IncTick
                0x0000000008002a24       0x24 ./Drivers/STM32F1xx_HAL_Driver/Src/stm32f1xx_hal.o
                0x0000000008002a24                HAL_IncTick
 .text.HAL_GetTick
                0x0000000008002a48       0x14 ./Drivers/STM32F1xx_HAL_Driver/Src/stm32f1xx_hal.o
                0x0000000008002a48                HAL_GetTick
 .text.HAL_Delay
                0x0000000008002a5c       0x48 ./Drivers/STM32F1xx_HAL_Driver/Src/stm32f1xx_hal.o
                0x0000000008002a5c                HAL_Delay
 .text.HAL_CAN_Init
                0x0000000008002aa4      0x1f6 ./Drivers/STM32F1xx_HAL_Driver/Src/stm32f1xx_hal_can.o
                0x0000000008002aa4                HAL_CAN_Init
 .text.HAL_CAN_ConfigFilter
                0x0000000008002c9a      0x192 ./Drivers/STM32F1xx_HAL_Driver/Src/stm32f1xx_hal_can.o
                0x0000000008002c9a                HAL_CAN_ConfigFilter
 .text.HAL_CAN_Start
                0x0000000008002e2c       0x88 ./Drivers/STM32F1xx_HAL_Driver/Src/stm32f1xx_hal_can.o
                0x0000000008002e2c                HAL_CAN_Start
 .text.HAL_CAN_GetRxMessage
                0x0000000008002eb4      0x222 ./Drivers/STM32F1xx_HAL_Driver/Src/stm32f1xx_hal_can.o
                0x0000000008002eb4                HAL_CAN_GetRxMessage
 .text.HAL_CAN_ActivateNotification
                0x00000000080030d6       0x4a ./Drivers/STM32F1xx_HAL_Driver/Src/stm32f1xx_hal_can.o
                0x00000000080030d6                HAL_CAN_ActivateNotification
 .text.HAL_CAN_IRQHandler
                0x0000000008003120      0x36e ./Drivers/STM32F1xx_HAL_Driver/Src/stm32f1xx_hal_can.o
                0x0000000008003120                HAL_CAN_IRQHandler
 .text.HAL_CAN_TxMailbox0CompleteCallback
                0x000000000800348e       0x12 ./Drivers/STM32F1xx_HAL_Driver/Src/stm32f1xx_hal_can.o
                0x000000000800348e                HAL_CAN_TxMailbox0CompleteCallback
 .text.HAL_CAN_TxMailbox1CompleteCallback
                0x00000000080034a0       0x12 ./Drivers/STM32F1xx_HAL_Driver/Src/stm32f1xx_hal_can.o
                0x00000000080034a0                HAL_CAN_TxMailbox1CompleteCallback
 .text.HAL_CAN_TxMailbox2CompleteCallback
                0x00000000080034b2       0x12 ./Drivers/STM32F1xx_HAL_Driver/Src/stm32f1xx_hal_can.o
                0x00000000080034b2                HAL_CAN_TxMailbox2CompleteCallback
 .text.HAL_CAN_TxMailbox0AbortCallback
                0x00000000080034c4       0x12 ./Drivers/STM32F1xx_HAL_Driver/Src/stm32f1xx_hal_can.o
                0x00000000080034c4                HAL_CAN_TxMailbox0AbortCallback
 .text.HAL_CAN_TxMailbox1AbortCallback
                0x00000000080034d6       0x12 ./Drivers/STM32F1xx_HAL_Driver/Src/stm32f1xx_hal_can.o
                0x00000000080034d6                HAL_CAN_TxMailbox1AbortCallback
 .text.HAL_CAN_TxMailbox2AbortCallback
                0x00000000080034e8       0x12 ./Drivers/STM32F1xx_HAL_Driver/Src/stm32f1xx_hal_can.o
                0x00000000080034e8                HAL_CAN_TxMailbox2AbortCallback
 .text.HAL_CAN_RxFifo0MsgPendingCallback
                0x00000000080034fa       0x12 ./Drivers/STM32F1xx_HAL_Driver/Src/stm32f1xx_hal_can.o
                0x00000000080034fa                HAL_CAN_RxFifo0MsgPendingCallback
 .text.HAL_CAN_RxFifo0FullCallback
                0x000000000800350c       0x12 ./Drivers/STM32F1xx_HAL_Driver/Src/stm32f1xx_hal_can.o
                0x000000000800350c                HAL_CAN_RxFifo0FullCallback
 .text.HAL_CAN_RxFifo1FullCallback
                0x000000000800351e       0x12 ./Drivers/STM32F1xx_HAL_Driver/Src/stm32f1xx_hal_can.o
                0x000000000800351e                HAL_CAN_RxFifo1FullCallback
 .text.HAL_CAN_SleepCallback
                0x0000000008003530       0x12 ./Drivers/STM32F1xx_HAL_Driver/Src/stm32f1xx_hal_can.o
                0x0000000008003530                HAL_CAN_SleepCallback
 .text.HAL_CAN_WakeUpFromRxMsgCallback
                0x0000000008003542       0x12 ./Drivers/STM32F1xx_HAL_Driver/Src/stm32f1xx_hal_can.o
                0x0000000008003542                HAL_CAN_WakeUpFromRxMsgCallback
 .text.HAL_CAN_ErrorCallback
                0x0000000008003554       0x12 ./Drivers/STM32F1xx_HAL_Driver/Src/stm32f1xx_hal_can.o
                0x0000000008003554                HAL_CAN_ErrorCallback
 *fill*         0x0000000008003566        0x2 
 .text.__NVIC_SetPriorityGrouping
                0x0000000008003568       0x48 ./Drivers/STM32F1xx_HAL_Driver/Src/stm32f1xx_hal_cortex.o
 .text.__NVIC_GetPriorityGrouping
                0x00000000080035b0       0x1c ./Drivers/STM32F1xx_HAL_Driver/Src/stm32f1xx_hal_cortex.o
 .text.__NVIC_EnableIRQ
                0x00000000080035cc       0x38 ./Drivers/STM32F1xx_HAL_Driver/Src/stm32f1xx_hal_cortex.o
 .text.__NVIC_SetPriority
                0x0000000008003604       0x54 ./Drivers/STM32F1xx_HAL_Driver/Src/stm32f1xx_hal_cortex.o
 .text.NVIC_EncodePriority
                0x0000000008003658       0x64 ./Drivers/STM32F1xx_HAL_Driver/Src/stm32f1xx_hal_cortex.o
 .text.SysTick_Config
                0x00000000080036bc       0x44 ./Drivers/STM32F1xx_HAL_Driver/Src/stm32f1xx_hal_cortex.o
 .text.HAL_NVIC_SetPriorityGrouping
                0x0000000008003700       0x16 ./Drivers/STM32F1xx_HAL_Driver/Src/stm32f1xx_hal_cortex.o
                0x0000000008003700                HAL_NVIC_SetPriorityGrouping
 .text.HAL_NVIC_SetPriority
                0x0000000008003716       0x38 ./Drivers/STM32F1xx_HAL_Driver/Src/stm32f1xx_hal_cortex.o
                0x0000000008003716                HAL_NVIC_SetPriority
 .text.HAL_NVIC_EnableIRQ
                0x000000000800374e       0x1c ./Drivers/STM32F1xx_HAL_Driver/Src/stm32f1xx_hal_cortex.o
                0x000000000800374e                HAL_NVIC_EnableIRQ
 .text.HAL_SYSTICK_Config
                0x000000000800376a       0x18 ./Drivers/STM32F1xx_HAL_Driver/Src/stm32f1xx_hal_cortex.o
                0x000000000800376a                HAL_SYSTICK_Config
 *fill*         0x0000000008003782        0x2 
 .text.HAL_GPIO_Init
                0x0000000008003784      0x308 ./Drivers/STM32F1xx_HAL_Driver/Src/stm32f1xx_hal_gpio.o
                0x0000000008003784                HAL_GPIO_Init
 .text.HAL_GPIO_ReadPin
                0x0000000008003a8c       0x2e ./Drivers/STM32F1xx_HAL_Driver/Src/stm32f1xx_hal_gpio.o
                0x0000000008003a8c                HAL_GPIO_ReadPin
 .text.HAL_GPIO_WritePin
                0x0000000008003aba       0x30 ./Drivers/STM32F1xx_HAL_Driver/Src/stm32f1xx_hal_gpio.o
                0x0000000008003aba                HAL_GPIO_WritePin
 .text.HAL_GPIO_TogglePin
                0x0000000008003aea       0x32 ./Drivers/STM32F1xx_HAL_Driver/Src/stm32f1xx_hal_gpio.o
                0x0000000008003aea                HAL_GPIO_TogglePin
 .text.HAL_GPIO_EXTI_IRQHandler
                0x0000000008003b1c       0x30 ./Drivers/STM32F1xx_HAL_Driver/Src/stm32f1xx_hal_gpio.o
                0x0000000008003b1c                HAL_GPIO_EXTI_IRQHandler
 .text.HAL_RCC_OscConfig
                0x0000000008003b4c      0x504 ./Drivers/STM32F1xx_HAL_Driver/Src/stm32f1xx_hal_rcc.o
                0x0000000008003b4c                HAL_RCC_OscConfig
 .text.HAL_RCC_ClockConfig
                0x0000000008004050      0x1d4 ./Drivers/STM32F1xx_HAL_Driver/Src/stm32f1xx_hal_rcc.o
                0x0000000008004050                HAL_RCC_ClockConfig
 .text.HAL_RCC_GetSysClockFreq
                0x0000000008004224       0xbc ./Drivers/STM32F1xx_HAL_Driver/Src/stm32f1xx_hal_rcc.o
                0x0000000008004224                HAL_RCC_GetSysClockFreq
 .text.RCC_Delay
                0x00000000080042e0       0x3c ./Drivers/STM32F1xx_HAL_Driver/Src/stm32f1xx_hal_rcc.o
 .text.HAL_TIM_Base_Init
                0x000000000800431c       0x9e ./Drivers/STM32F1xx_HAL_Driver/Src/stm32f1xx_hal_tim.o
                0x000000000800431c                HAL_TIM_Base_Init
 *fill*         0x00000000080043ba        0x2 
 .text.HAL_TIM_Base_Start_IT
                0x00000000080043bc       0xa4 ./Drivers/STM32F1xx_HAL_Driver/Src/stm32f1xx_hal_tim.o
                0x00000000080043bc                HAL_TIM_Base_Start_IT
 .text.HAL_TIM_PWM_Init
                0x0000000008004460       0x9e ./Drivers/STM32F1xx_HAL_Driver/Src/stm32f1xx_hal_tim.o
                0x0000000008004460                HAL_TIM_PWM_Init
 .text.HAL_TIM_PWM_MspInit
                0x00000000080044fe       0x12 ./Drivers/STM32F1xx_HAL_Driver/Src/stm32f1xx_hal_tim.o
                0x00000000080044fe                HAL_TIM_PWM_MspInit
 .text.HAL_TIM_PWM_Start
                0x0000000008004510      0x144 ./Drivers/STM32F1xx_HAL_Driver/Src/stm32f1xx_hal_tim.o
                0x0000000008004510                HAL_TIM_PWM_Start
 .text.HAL_TIM_IRQHandler
                0x0000000008004654      0x210 ./Drivers/STM32F1xx_HAL_Driver/Src/stm32f1xx_hal_tim.o
                0x0000000008004654                HAL_TIM_IRQHandler
 .text.HAL_TIM_PWM_ConfigChannel
                0x0000000008004864      0x17c ./Drivers/STM32F1xx_HAL_Driver/Src/stm32f1xx_hal_tim.o
                0x0000000008004864                HAL_TIM_PWM_ConfigChannel
 .text.HAL_TIM_ConfigClockSource
                0x00000000080049e0      0x188 ./Drivers/STM32F1xx_HAL_Driver/Src/stm32f1xx_hal_tim.o
                0x00000000080049e0                HAL_TIM_ConfigClockSource
 .text.HAL_TIM_OC_DelayElapsedCallback
                0x0000000008004b68       0x12 ./Drivers/STM32F1xx_HAL_Driver/Src/stm32f1xx_hal_tim.o
                0x0000000008004b68                HAL_TIM_OC_DelayElapsedCallback
 .text.HAL_TIM_IC_CaptureCallback
                0x0000000008004b7a       0x12 ./Drivers/STM32F1xx_HAL_Driver/Src/stm32f1xx_hal_tim.o
                0x0000000008004b7a                HAL_TIM_IC_CaptureCallback
 .text.HAL_TIM_PWM_PulseFinishedCallback
                0x0000000008004b8c       0x12 ./Drivers/STM32F1xx_HAL_Driver/Src/stm32f1xx_hal_tim.o
                0x0000000008004b8c                HAL_TIM_PWM_PulseFinishedCallback
 .text.HAL_TIM_TriggerCallback
                0x0000000008004b9e       0x12 ./Drivers/STM32F1xx_HAL_Driver/Src/stm32f1xx_hal_tim.o
                0x0000000008004b9e                HAL_TIM_TriggerCallback
 .text.TIM_Base_SetConfig
                0x0000000008004bb0       0xc4 ./Drivers/STM32F1xx_HAL_Driver/Src/stm32f1xx_hal_tim.o
                0x0000000008004bb0                TIM_Base_SetConfig
 .text.TIM_OC1_SetConfig
                0x0000000008004c74       0xcc ./Drivers/STM32F1xx_HAL_Driver/Src/stm32f1xx_hal_tim.o
 .text.TIM_OC2_SetConfig
                0x0000000008004d40       0xd4 ./Drivers/STM32F1xx_HAL_Driver/Src/stm32f1xx_hal_tim.o
                0x0000000008004d40                TIM_OC2_SetConfig
 .text.TIM_OC3_SetConfig
                0x0000000008004e14       0xd4 ./Drivers/STM32F1xx_HAL_Driver/Src/stm32f1xx_hal_tim.o
 .text.TIM_OC4_SetConfig
                0x0000000008004ee8       0x9c ./Drivers/STM32F1xx_HAL_Driver/Src/stm32f1xx_hal_tim.o
 .text.TIM_TI1_ConfigInputStage
                0x0000000008004f84       0x5c ./Drivers/STM32F1xx_HAL_Driver/Src/stm32f1xx_hal_tim.o
 .text.TIM_TI2_ConfigInputStage
                0x0000000008004fe0       0x5e ./Drivers/STM32F1xx_HAL_Driver/Src/stm32f1xx_hal_tim.o
 .text.TIM_ITRx_SetConfig
                0x000000000800503e       0x34 ./Drivers/STM32F1xx_HAL_Driver/Src/stm32f1xx_hal_tim.o
 .text.TIM_ETR_SetConfig
                0x0000000008005072       0x3e ./Drivers/STM32F1xx_HAL_Driver/Src/stm32f1xx_hal_tim.o
                0x0000000008005072                TIM_ETR_SetConfig
 .text.TIM_CCxChannelCmd
                0x00000000080050b0       0x48 ./Drivers/STM32F1xx_HAL_Driver/Src/stm32f1xx_hal_tim.o
                0x00000000080050b0                TIM_CCxChannelCmd
 .text.HAL_TIMEx_MasterConfigSynchronization
                0x00000000080050f8       0xbc ./Drivers/STM32F1xx_HAL_Driver/Src/stm32f1xx_hal_tim_ex.o
                0x00000000080050f8                HAL_TIMEx_MasterConfigSynchronization
 .text.HAL_TIMEx_ConfigBreakDeadTime
                0x00000000080051b4       0xa2 ./Drivers/STM32F1xx_HAL_Driver/Src/stm32f1xx_hal_tim_ex.o
                0x00000000080051b4                HAL_TIMEx_ConfigBreakDeadTime
 .text.HAL_TIMEx_CommutCallback
                0x0000000008005256       0x12 ./Drivers/STM32F1xx_HAL_Driver/Src/stm32f1xx_hal_tim_ex.o
                0x0000000008005256                HAL_TIMEx_CommutCallback
 .text.HAL_TIMEx_BreakCallback
                0x0000000008005268       0x12 ./Drivers/STM32F1xx_HAL_Driver/Src/stm32f1xx_hal_tim_ex.o
                0x0000000008005268                HAL_TIMEx_BreakCallback
 *fill*         0x000000000800527a        0x2 
 .text.__libc_init_array
                0x000000000800527c       0x48 /opt/st/stm32cubeide_1.10.1/plugins/com.st.stm32cube.ide.mcu.externaltools.gnu-tools-for-stm32.10.3-2021.10.linux64_1.0.0.202111181127/tools/bin/../lib/gcc/arm-none-eabi/10.3.1/../../../../arm-none-eabi/lib/thumb/v7-m/nofp/libc_nano.a(lib_a-init.o)
                0x000000000800527c                __libc_init_array
 .text.memset   0x00000000080052c4       0x10 /opt/st/stm32cubeide_1.10.1/plugins/com.st.stm32cube.ide.mcu.externaltools.gnu-tools-for-stm32.10.3-2021.10.linux64_1.0.0.202111181127/tools/bin/../lib/gcc/arm-none-eabi/10.3.1/../../../../arm-none-eabi/lib/thumb/v7-m/nofp/libc_nano.a(lib_a-memset.o)
                0x00000000080052c4                memset
 .text.round    0x00000000080052d4       0x90 /opt/st/stm32cubeide_1.10.1/plugins/com.st.stm32cube.ide.mcu.externaltools.gnu-tools-for-stm32.10.3-2021.10.linux64_1.0.0.202111181127/tools/bin/../lib/gcc/arm-none-eabi/10.3.1/../../../../arm-none-eabi/lib/thumb/v7-m/nofp/libm.a(lib_a-s_round.o)
                0x00000000080052d4                round
 *(.glue_7)
 .glue_7        0x0000000008005364        0x0 linker stubs
 *(.glue_7t)
 .glue_7t       0x0000000008005364        0x0 linker stubs
 *(.eh_frame)
 .eh_frame      0x0000000008005364        0x0 /opt/st/stm32cubeide_1.10.1/plugins/com.st.stm32cube.ide.mcu.externaltools.gnu-tools-for-stm32.10.3-2021.10.linux64_1.0.0.202111181127/tools/bin/../lib/gcc/arm-none-eabi/10.3.1/thumb/v7-m/nofp/crtbegin.o
 *(.init)
 .init          0x0000000008005364        0x4 /opt/st/stm32cubeide_1.10.1/plugins/com.st.stm32cube.ide.mcu.externaltools.gnu-tools-for-stm32.10.3-2021.10.linux64_1.0.0.202111181127/tools/bin/../lib/gcc/arm-none-eabi/10.3.1/thumb/v7-m/nofp/crti.o
                0x0000000008005364                _init
 .init          0x0000000008005368        0x8 /opt/st/stm32cubeide_1.10.1/plugins/com.st.stm32cube.ide.mcu.externaltools.gnu-tools-for-stm32.10.3-2021.10.linux64_1.0.0.202111181127/tools/bin/../lib/gcc/arm-none-eabi/10.3.1/thumb/v7-m/nofp/crtn.o
 *(.fini)
 .fini          0x0000000008005370        0x4 /opt/st/stm32cubeide_1.10.1/plugins/com.st.stm32cube.ide.mcu.externaltools.gnu-tools-for-stm32.10.3-2021.10.linux64_1.0.0.202111181127/tools/bin/../lib/gcc/arm-none-eabi/10.3.1/thumb/v7-m/nofp/crti.o
                0x0000000008005370                _fini
 .fini          0x0000000008005374        0x8 /opt/st/stm32cubeide_1.10.1/plugins/com.st.stm32cube.ide.mcu.externaltools.gnu-tools-for-stm32.10.3-2021.10.linux64_1.0.0.202111181127/tools/bin/../lib/gcc/arm-none-eabi/10.3.1/thumb/v7-m/nofp/crtn.o
                0x000000000800537c                . = ALIGN (0x4)
                0x000000000800537c                _etext = .

.vfp11_veneer   0x000000000800537c        0x0
 .vfp11_veneer  0x000000000800537c        0x0 linker stubs

.v4_bx          0x000000000800537c        0x0
 .v4_bx         0x000000000800537c        0x0 linker stubs

.iplt           0x000000000800537c        0x0
 .iplt          0x000000000800537c        0x0 /opt/st/stm32cubeide_1.10.1/plugins/com.st.stm32cube.ide.mcu.externaltools.gnu-tools-for-stm32.10.3-2021.10.linux64_1.0.0.202111181127/tools/bin/../lib/gcc/arm-none-eabi/10.3.1/thumb/v7-m/nofp/crtbegin.o

.rodata         0x000000000800537c       0x20
                0x000000000800537c                . = ALIGN (0x4)
 *(.rodata)
 .rodata        0x000000000800537c       0x10 ./Drivers/STM32F1xx_HAL_Driver/Src/stm32f1xx_hal_rcc.o
 *(.rodata*)
 .rodata.AHBPrescTable
                0x000000000800538c       0x10 ./Core/Src/system_stm32f1xx.o
                0x000000000800538c                AHBPrescTable
                0x000000000800539c                . = ALIGN (0x4)

.rel.dyn        0x000000000800539c        0x0
 .rel.iplt      0x000000000800539c        0x0 /opt/st/stm32cubeide_1.10.1/plugins/com.st.stm32cube.ide.mcu.externaltools.gnu-tools-for-stm32.10.3-2021.10.linux64_1.0.0.202111181127/tools/bin/../lib/gcc/arm-none-eabi/10.3.1/thumb/v7-m/nofp/crtbegin.o

.ARM.extab      0x000000000800539c        0x0
                0x000000000800539c                . = ALIGN (0x4)
 *(.ARM.extab* .gnu.linkonce.armextab.*)
                0x000000000800539c                . = ALIGN (0x4)

.ARM            0x000000000800539c        0x0
                0x000000000800539c                . = ALIGN (0x4)
                0x000000000800539c                __exidx_start = .
 *(.ARM.exidx*)
                0x000000000800539c                __exidx_end = .
                0x000000000800539c                . = ALIGN (0x4)

.preinit_array  0x000000000800539c        0x0
                0x000000000800539c                . = ALIGN (0x4)
                0x000000000800539c                PROVIDE (__preinit_array_start = .)
 *(.preinit_array*)
                0x000000000800539c                PROVIDE (__preinit_array_end = .)
                0x000000000800539c                . = ALIGN (0x4)

.init_array     0x000000000800539c        0x4
                0x000000000800539c                . = ALIGN (0x4)
                0x000000000800539c                PROVIDE (__init_array_start = .)
 *(SORT_BY_NAME(.init_array.*))
 *(.init_array*)
 .init_array    0x000000000800539c        0x4 /opt/st/stm32cubeide_1.10.1/plugins/com.st.stm32cube.ide.mcu.externaltools.gnu-tools-for-stm32.10.3-2021.10.linux64_1.0.0.202111181127/tools/bin/../lib/gcc/arm-none-eabi/10.3.1/thumb/v7-m/nofp/crtbegin.o
                0x00000000080053a0                PROVIDE (__init_array_end = .)
                0x00000000080053a0                . = ALIGN (0x4)

.fini_array     0x00000000080053a0        0x4
                0x00000000080053a0                . = ALIGN (0x4)
                [!provide]                        PROVIDE (__fini_array_start = .)
 *(SORT_BY_NAME(.fini_array.*))
 *(.fini_array*)
 .fini_array    0x00000000080053a0        0x4 /opt/st/stm32cubeide_1.10.1/plugins/com.st.stm32cube.ide.mcu.externaltools.gnu-tools-for-stm32.10.3-2021.10.linux64_1.0.0.202111181127/tools/bin/../lib/gcc/arm-none-eabi/10.3.1/thumb/v7-m/nofp/crtbegin.o
                [!provide]                        PROVIDE (__fini_array_end = .)
                0x00000000080053a4                . = ALIGN (0x4)
                0x00000000080053a4                _sidata = LOADADDR (.data)

.data           0x0000000020000000       0x14 load address 0x00000000080053a4
                0x0000000020000000                . = ALIGN (0x4)
                0x0000000020000000                _sdata = .
 *(.data)
 *(.data*)
 .data.up_control
                0x0000000020000000        0x1 ./Core/Src/main.o
                0x0000000020000000                up_control
 .data.shoot_finish
                0x0000000020000001        0x1 ./Core/Src/main.o
                0x0000000020000001                shoot_finish
 .data.start_finish
                0x0000000020000002        0x1 ./Core/Src/main.o
                0x0000000020000002                start_finish
 .data.right_feedback
                0x0000000020000003        0x1 ./Core/Src/main.o
                0x0000000020000003                right_feedback
 .data.right_control
                0x0000000020000004        0x1 ./Core/Src/main.o
                0x0000000020000004                right_control
 .data.left_feedback
                0x0000000020000005        0x1 ./Core/Src/main.o
                0x0000000020000005                left_feedback
 .data.left_control
                0x0000000020000006        0x1 ./Core/Src/main.o
                0x0000000020000006                left_control
 *fill*         0x0000000020000007        0x1 
 .data.SystemCoreClock
                0x0000000020000008        0x4 ./Core/Src/system_stm32f1xx.o
                0x0000000020000008                SystemCoreClock
 .data.uwTickPrio
                0x000000002000000c        0x4 ./Drivers/STM32F1xx_HAL_Driver/Src/stm32f1xx_hal.o
                0x000000002000000c                uwTickPrio
 .data.uwTickFreq
                0x0000000020000010        0x1 ./Drivers/STM32F1xx_HAL_Driver/Src/stm32f1xx_hal.o
                0x0000000020000010                uwTickFreq
 *(.RamFunc)
 *(.RamFunc*)
                0x0000000020000014                . = ALIGN (0x4)
 *fill*         0x0000000020000011        0x3 
                0x0000000020000014                _edata = .

.igot.plt       0x0000000020000014        0x0 load address 0x00000000080053b8
 .igot.plt      0x0000000020000014        0x0 /opt/st/stm32cubeide_1.10.1/plugins/com.st.stm32cube.ide.mcu.externaltools.gnu-tools-for-stm32.10.3-2021.10.linux64_1.0.0.202111181127/tools/bin/../lib/gcc/arm-none-eabi/10.3.1/thumb/v7-m/nofp/crtbegin.o
                0x0000000020000014                . = ALIGN (0x4)

.bss            0x0000000020000014      0x240 load address 0x00000000080053b8
                0x0000000020000014                _sbss = .
                0x0000000020000014                __bss_start__ = _sbss
 *(.bss)
 .bss           0x0000000020000014       0x1c /opt/st/stm32cubeide_1.10.1/plugins/com.st.stm32cube.ide.mcu.externaltools.gnu-tools-for-stm32.10.3-2021.10.linux64_1.0.0.202111181127/tools/bin/../lib/gcc/arm-none-eabi/10.3.1/thumb/v7-m/nofp/crtbegin.o
 *(.bss*)
 .bss.hcan      0x0000000020000030       0x28 ./Core/Src/can.o
                0x0000000020000030                hcan
 .bss.data_16   0x0000000020000058        0x2 ./Core/Src/main.o
                0x0000000020000058                data_16
 *fill*         0x000000002000005a        0x2 
 .bss.speed     0x000000002000005c        0x4 ./Core/Src/main.o
                0x000000002000005c                speed
 .bss.shoot_state
                0x0000000020000060        0x1 ./Core/Src/main.o
                0x0000000020000060                shoot_state
 *fill*         0x0000000020000061        0x3 
 .bss.MPID      0x0000000020000064       0x40 ./Core/Src/main.o
                0x0000000020000064                MPID
 .bss.nowA      0x00000000200000a4        0x2 ./Core/Src/main.o
                0x00000000200000a4                nowA
 *fill*         0x00000000200000a6        0x2 
 .bss.nowB      0x00000000200000a8        0x2 ./Core/Src/main.o
                0x00000000200000a8                nowB
 *fill*         0x00000000200000aa        0x2 
 .bss.lastA     0x00000000200000ac        0x2 ./Core/Src/main.o
                0x00000000200000ac                lastA
 *fill*         0x00000000200000ae        0x2 
 .bss.lastB     0x00000000200000b0        0x2 ./Core/Src/main.o
                0x00000000200000b0                lastB
 *fill*         0x00000000200000b2        0x2 
 .bss.dir       0x00000000200000b4        0x2 ./Core/Src/main.o
                0x00000000200000b4                dir
 *fill*         0x00000000200000b6        0x2 
 .bss.cnt       0x00000000200000b8        0x4 ./Core/Src/main.o
                0x00000000200000b8                cnt
 .bss.Enc_count
                0x00000000200000bc        0x4 ./Core/Src/main.o
                0x00000000200000bc                Enc_count
 .bss.count     0x00000000200000c0        0x4 ./Core/Src/main.o
                0x00000000200000c0                count
 .bss.new_count
                0x00000000200000c4        0x4 ./Core/Src/main.o
                0x00000000200000c4                new_count
 .bss.count_state
                0x00000000200000c8        0x2 ./Core/Src/main.o
                0x00000000200000c8                count_state
 *fill*         0x00000000200000ca        0x2 
 .bss.diff      0x00000000200000cc        0x4 ./Core/Src/main.o
                0x00000000200000cc                diff
 .bss.speedM    0x00000000200000d0        0x8 ./Core/Src/main.o
                0x00000000200000d0                speedM
 .bss.rdps      0x00000000200000d8        0x8 ./Core/Src/main.o
                0x00000000200000d8                rdps
 .bss.Motor1_speed
                0x00000000200000e0        0x4 ./Core/Src/main.o
                0x00000000200000e0                Motor1_speed
 .bss.Motor2_speed
                0x00000000200000e4        0x4 ./Core/Src/main.o
                0x00000000200000e4                Motor2_speed
 .bss.pwm_M1    0x00000000200000e8        0x4 ./Core/Src/main.o
                0x00000000200000e8                pwm_M1
 .bss.pwm_M2    0x00000000200000ec        0x4 ./Core/Src/main.o
                0x00000000200000ec                pwm_M2
 .bss.M_shooter1
                0x00000000200000f0        0x4 ./Core/Src/main.o
                0x00000000200000f0                M_shooter1
 .bss.M_shooter2
                0x00000000200000f4        0x4 ./Core/Src/main.o
                0x00000000200000f4                M_shooter2
 .bss.reload_feedback
                0x00000000200000f8        0x1 ./Core/Src/main.o
                0x00000000200000f8                reload_feedback
 .bss.reload_control
                0x00000000200000f9        0x1 ./Core/Src/main.o
                0x00000000200000f9                reload_control
 .bss.reload_error
                0x00000000200000fa        0x1 ./Core/Src/main.o
                0x00000000200000fa                reload_error
 .bss.right_error
                0x00000000200000fb        0x1 ./Core/Src/main.o
                0x00000000200000fb                right_error
 .bss.left_error
                0x00000000200000fc        0x1 ./Core/Src/main.o
                0x00000000200000fc                left_error
 .bss.bit1      0x00000000200000fd        0x1 ./Core/Src/main.o
                0x00000000200000fd                bit1
 .bss.bit2      0x00000000200000fe        0x1 ./Core/Src/main.o
                0x00000000200000fe                bit2
 .bss.bit3      0x00000000200000ff        0x1 ./Core/Src/main.o
                0x00000000200000ff                bit3
 .bss.bit4      0x0000000020000100        0x1 ./Core/Src/main.o
                0x0000000020000100                bit4
 .bss.ring_count
                0x0000000020000101        0x1 ./Core/Src/main.o
                0x0000000020000101                ring_count
 .bss.start     0x0000000020000102        0x1 ./Core/Src/main.o
                0x0000000020000102                start
 .bss.prepare   0x0000000020000103        0x1 ./Core/Src/main.o
                0x0000000020000103                prepare
 .bss.reload    0x0000000020000104        0x1 ./Core/Src/main.o
                0x0000000020000104                reload
 .bss.shoot     0x0000000020000105        0x1 ./Core/Src/main.o
                0x0000000020000105                shoot
 *fill*         0x0000000020000106        0x2 
 .bss.RxHeader  0x0000000020000108       0x1c ./Core/Src/main.o
                0x0000000020000108                RxHeader
 .bss.RxData    0x0000000020000124        0x8 ./Core/Src/main.o
                0x0000000020000124                RxData
 .bss.cntt      0x000000002000012c        0x1 ./Core/Src/main.o
                0x000000002000012c                cntt
 *fill*         0x000000002000012d        0x3 
 .bss.htim1     0x0000000020000130       0x48 ./Core/Src/tim.o
                0x0000000020000130                htim1
 .bss.htim2     0x0000000020000178       0x48 ./Core/Src/tim.o
                0x0000000020000178                htim2
 .bss.htim3     0x00000000200001c0       0x48 ./Core/Src/tim.o
                0x00000000200001c0                htim3
 .bss.htim4     0x0000000020000208       0x48 ./Core/Src/tim.o
                0x0000000020000208                htim4
 .bss.uwTick    0x0000000020000250        0x4 ./Drivers/STM32F1xx_HAL_Driver/Src/stm32f1xx_hal.o
                0x0000000020000250                uwTick
 *(COMMON)
                0x0000000020000254                . = ALIGN (0x4)
                0x0000000020000254                _ebss = .
                0x0000000020000254                __bss_end__ = _ebss

._user_heap_stack
                0x0000000020000254      0x604 load address 0x00000000080053b8
                0x0000000020000258                . = ALIGN (0x8)
 *fill*         0x0000000020000254        0x4 
                [!provide]                        PROVIDE (end = .)
                0x0000000020000258                PROVIDE (_end = .)
                0x0000000020000458                . = (. + _Min_Heap_Size)
 *fill*         0x0000000020000258      0x200 
                0x0000000020000858                . = (. + _Min_Stack_Size)
 *fill*         0x0000000020000458      0x400 
                0x0000000020000858                . = ALIGN (0x8)

/DISCARD/
 libc.a(*)
 libm.a(*)
 libgcc.a(*)

.ARM.attributes
                0x0000000000000000       0x29
 *(.ARM.attributes)
 .ARM.attributes
                0x0000000000000000       0x1d /opt/st/stm32cubeide_1.10.1/plugins/com.st.stm32cube.ide.mcu.externaltools.gnu-tools-for-stm32.10.3-2021.10.linux64_1.0.0.202111181127/tools/bin/../lib/gcc/arm-none-eabi/10.3.1/thumb/v7-m/nofp/crti.o
 .ARM.attributes
                0x000000000000001d       0x2d /opt/st/stm32cubeide_1.10.1/plugins/com.st.stm32cube.ide.mcu.externaltools.gnu-tools-for-stm32.10.3-2021.10.linux64_1.0.0.202111181127/tools/bin/../lib/gcc/arm-none-eabi/10.3.1/thumb/v7-m/nofp/crtbegin.o
 .ARM.attributes
                0x000000000000004a       0x2d ./Core/Src/PID.o
 .ARM.attributes
                0x0000000000000077       0x2d ./Core/Src/can.o
 .ARM.attributes
                0x00000000000000a4       0x2d ./Core/Src/gpio.o
 .ARM.attributes
                0x00000000000000d1       0x2d ./Core/Src/main.o
 .ARM.attributes
                0x00000000000000fe       0x2d ./Core/Src/stm32f1xx_hal_msp.o
 .ARM.attributes
                0x000000000000012b       0x2d ./Core/Src/stm32f1xx_it.o
 .ARM.attributes
                0x0000000000000158       0x2d ./Core/Src/system_stm32f1xx.o
 .ARM.attributes
                0x0000000000000185       0x2d ./Core/Src/tim.o
 .ARM.attributes
                0x00000000000001b2       0x21 ./Core/Startup/startup_stm32f103c8tx.o
 .ARM.attributes
                0x00000000000001d3       0x2d ./Drivers/STM32F1xx_HAL_Driver/Src/stm32f1xx_hal.o
 .ARM.attributes
                0x0000000000000200       0x2d ./Drivers/STM32F1xx_HAL_Driver/Src/stm32f1xx_hal_can.o
 .ARM.attributes
                0x000000000000022d       0x2d ./Drivers/STM32F1xx_HAL_Driver/Src/stm32f1xx_hal_cortex.o
 .ARM.attributes
                0x000000000000025a       0x2d ./Drivers/STM32F1xx_HAL_Driver/Src/stm32f1xx_hal_gpio.o
 .ARM.attributes
                0x0000000000000287       0x2d ./Drivers/STM32F1xx_HAL_Driver/Src/stm32f1xx_hal_rcc.o
 .ARM.attributes
                0x00000000000002b4       0x2d ./Drivers/STM32F1xx_HAL_Driver/Src/stm32f1xx_hal_tim.o
 .ARM.attributes
                0x00000000000002e1       0x2d ./Drivers/STM32F1xx_HAL_Driver/Src/stm32f1xx_hal_tim_ex.o
 .ARM.attributes
                0x000000000000030e       0x2d /opt/st/stm32cubeide_1.10.1/plugins/com.st.stm32cube.ide.mcu.externaltools.gnu-tools-for-stm32.10.3-2021.10.linux64_1.0.0.202111181127/tools/bin/../lib/gcc/arm-none-eabi/10.3.1/../../../../arm-none-eabi/lib/thumb/v7-m/nofp/libc_nano.a(lib_a-init.o)
 .ARM.attributes
                0x000000000000033b       0x2d /opt/st/stm32cubeide_1.10.1/plugins/com.st.stm32cube.ide.mcu.externaltools.gnu-tools-for-stm32.10.3-2021.10.linux64_1.0.0.202111181127/tools/bin/../lib/gcc/arm-none-eabi/10.3.1/../../../../arm-none-eabi/lib/thumb/v7-m/nofp/libc_nano.a(lib_a-memset.o)
 .ARM.attributes
                0x0000000000000368       0x2d /opt/st/stm32cubeide_1.10.1/plugins/com.st.stm32cube.ide.mcu.externaltools.gnu-tools-for-stm32.10.3-2021.10.linux64_1.0.0.202111181127/tools/bin/../lib/gcc/arm-none-eabi/10.3.1/../../../../arm-none-eabi/lib/thumb/v7-m/nofp/libm.a(lib_a-s_round.o)
 .ARM.attributes
                0x0000000000000395       0x1d /opt/st/stm32cubeide_1.10.1/plugins/com.st.stm32cube.ide.mcu.externaltools.gnu-tools-for-stm32.10.3-2021.10.linux64_1.0.0.202111181127/tools/bin/../lib/gcc/arm-none-eabi/10.3.1/thumb/v7-m/nofp/libgcc.a(_arm_muldf3.o)
 .ARM.attributes
                0x00000000000003b2       0x1d /opt/st/stm32cubeide_1.10.1/plugins/com.st.stm32cube.ide.mcu.externaltools.gnu-tools-for-stm32.10.3-2021.10.linux64_1.0.0.202111181127/tools/bin/../lib/gcc/arm-none-eabi/10.3.1/thumb/v7-m/nofp/libgcc.a(_arm_addsubdf3.o)
 .ARM.attributes
                0x00000000000003cf       0x1d /opt/st/stm32cubeide_1.10.1/plugins/com.st.stm32cube.ide.mcu.externaltools.gnu-tools-for-stm32.10.3-2021.10.linux64_1.0.0.202111181127/tools/bin/../lib/gcc/arm-none-eabi/10.3.1/thumb/v7-m/nofp/libgcc.a(_arm_fixunsdfsi.o)
 .ARM.attributes
                0x00000000000003ec       0x1d /opt/st/stm32cubeide_1.10.1/plugins/com.st.stm32cube.ide.mcu.externaltools.gnu-tools-for-stm32.10.3-2021.10.linux64_1.0.0.202111181127/tools/bin/../lib/gcc/arm-none-eabi/10.3.1/thumb/v7-m/nofp/libgcc.a(_arm_truncdfsf2.o)
 .ARM.attributes
                0x0000000000000409       0x1d /opt/st/stm32cubeide_1.10.1/plugins/com.st.stm32cube.ide.mcu.externaltools.gnu-tools-for-stm32.10.3-2021.10.linux64_1.0.0.202111181127/tools/bin/../lib/gcc/arm-none-eabi/10.3.1/thumb/v7-m/nofp/libgcc.a(_arm_addsubsf3.o)
 .ARM.attributes
                0x0000000000000426       0x1d /opt/st/stm32cubeide_1.10.1/plugins/com.st.stm32cube.ide.mcu.externaltools.gnu-tools-for-stm32.10.3-2021.10.linux64_1.0.0.202111181127/tools/bin/../lib/gcc/arm-none-eabi/10.3.1/thumb/v7-m/nofp/libgcc.a(_arm_muldivsf3.o)
 .ARM.attributes
                0x0000000000000443       0x1d /opt/st/stm32cubeide_1.10.1/plugins/com.st.stm32cube.ide.mcu.externaltools.gnu-tools-for-stm32.10.3-2021.10.linux64_1.0.0.202111181127/tools/bin/../lib/gcc/arm-none-eabi/10.3.1/thumb/v7-m/nofp/libgcc.a(_arm_cmpsf2.o)
 .ARM.attributes
                0x0000000000000460       0x1d /opt/st/stm32cubeide_1.10.1/plugins/com.st.stm32cube.ide.mcu.externaltools.gnu-tools-for-stm32.10.3-2021.10.linux64_1.0.0.202111181127/tools/bin/../lib/gcc/arm-none-eabi/10.3.1/thumb/v7-m/nofp/libgcc.a(_arm_fixunssfsi.o)
 .ARM.attributes
                0x000000000000047d       0x1d /opt/st/stm32cubeide_1.10.1/plugins/com.st.stm32cube.ide.mcu.externaltools.gnu-tools-for-stm32.10.3-2021.10.linux64_1.0.0.202111181127/tools/bin/../lib/gcc/arm-none-eabi/10.3.1/thumb/v7-m/nofp/crtn.o
OUTPUT(Controll_board.elf elf32-littlearm)
LOAD linker stubs
LOAD /opt/st/stm32cubeide_1.10.1/plugins/com.st.stm32cube.ide.mcu.externaltools.gnu-tools-for-stm32.10.3-2021.10.linux64_1.0.0.202111181127/tools/bin/../lib/gcc/arm-none-eabi/10.3.1/../../../../arm-none-eabi/lib/thumb/v7-m/nofp/libc.a
LOAD /opt/st/stm32cubeide_1.10.1/plugins/com.st.stm32cube.ide.mcu.externaltools.gnu-tools-for-stm32.10.3-2021.10.linux64_1.0.0.202111181127/tools/bin/../lib/gcc/arm-none-eabi/10.3.1/../../../../arm-none-eabi/lib/thumb/v7-m/nofp/libm.a
LOAD /opt/st/stm32cubeide_1.10.1/plugins/com.st.stm32cube.ide.mcu.externaltools.gnu-tools-for-stm32.10.3-2021.10.linux64_1.0.0.202111181127/tools/bin/../lib/gcc/arm-none-eabi/10.3.1/thumb/v7-m/nofp/libgcc.a

.debug_info     0x0000000000000000     0xb4ca
 .debug_info    0x0000000000000000      0x1dd ./Core/Src/PID.o
 .debug_info    0x00000000000001dd      0x992 ./Core/Src/can.o
 .debug_info    0x0000000000000b6f      0x48e ./Core/Src/gpio.o
 .debug_info    0x0000000000000ffd     0x1695 ./Core/Src/main.o
 .debug_info    0x0000000000002692      0x210 ./Core/Src/stm32f1xx_hal_msp.o
 .debug_info    0x00000000000028a2      0xb52 ./Core/Src/stm32f1xx_it.o
 .debug_info    0x00000000000033f4      0x23d ./Core/Src/system_stm32f1xx.o
 .debug_info    0x0000000000003631      0xf05 ./Core/Src/tim.o
 .debug_info    0x0000000000004536       0x22 ./Core/Startup/startup_stm32f103c8tx.o
 .debug_info    0x0000000000004558      0x734 ./Drivers/STM32F1xx_HAL_Driver/Src/stm32f1xx_hal.o
 .debug_info    0x0000000000004c8c      0xfb8 ./Drivers/STM32F1xx_HAL_Driver/Src/stm32f1xx_hal_can.o
 .debug_info    0x0000000000005c44      0xb20 ./Drivers/STM32F1xx_HAL_Driver/Src/stm32f1xx_hal_cortex.o
 .debug_info    0x0000000000006764      0x615 ./Drivers/STM32F1xx_HAL_Driver/Src/stm32f1xx_hal_gpio.o
 .debug_info    0x0000000000006d79      0x860 ./Drivers/STM32F1xx_HAL_Driver/Src/stm32f1xx_hal_rcc.o
 .debug_info    0x00000000000075d9     0x29de ./Drivers/STM32F1xx_HAL_Driver/Src/stm32f1xx_hal_tim.o
 .debug_info    0x0000000000009fb7     0x1513 ./Drivers/STM32F1xx_HAL_Driver/Src/stm32f1xx_hal_tim_ex.o

.debug_abbrev   0x0000000000000000     0x1ec6
 .debug_abbrev  0x0000000000000000      0x10d ./Core/Src/PID.o
 .debug_abbrev  0x000000000000010d      0x230 ./Core/Src/can.o
 .debug_abbrev  0x000000000000033d      0x152 ./Core/Src/gpio.o
 .debug_abbrev  0x000000000000048f      0x391 ./Core/Src/main.o
 .debug_abbrev  0x0000000000000820       0xd4 ./Core/Src/stm32f1xx_hal_msp.o
 .debug_abbrev  0x00000000000008f4      0x206 ./Core/Src/stm32f1xx_it.o
 .debug_abbrev  0x0000000000000afa      0x13b ./Core/Src/system_stm32f1xx.o
 .debug_abbrev  0x0000000000000c35      0x255 ./Core/Src/tim.o
 .debug_abbrev  0x0000000000000e8a       0x12 ./Core/Startup/startup_stm32f103c8tx.o
 .debug_abbrev  0x0000000000000e9c      0x1fb ./Drivers/STM32F1xx_HAL_Driver/Src/stm32f1xx_hal.o
 .debug_abbrev  0x0000000000001097      0x21d ./Drivers/STM32F1xx_HAL_Driver/Src/stm32f1xx_hal_can.o
 .debug_abbrev  0x00000000000012b4      0x2ed ./Drivers/STM32F1xx_HAL_Driver/Src/stm32f1xx_hal_cortex.o
 .debug_abbrev  0x00000000000015a1      0x1bb ./Drivers/STM32F1xx_HAL_Driver/Src/stm32f1xx_hal_gpio.o
 .debug_abbrev  0x000000000000175c      0x2a8 ./Drivers/STM32F1xx_HAL_Driver/Src/stm32f1xx_hal_rcc.o
 .debug_abbrev  0x0000000000001a04      0x25d ./Drivers/STM32F1xx_HAL_Driver/Src/stm32f1xx_hal_tim.o
 .debug_abbrev  0x0000000000001c61      0x265 ./Drivers/STM32F1xx_HAL_Driver/Src/stm32f1xx_hal_tim_ex.o

.debug_aranges  0x0000000000000000      0xb80
 .debug_aranges
                0x0000000000000000       0x28 ./Core/Src/PID.o
 .debug_aranges
                0x0000000000000028       0x30 ./Core/Src/can.o
 .debug_aranges
                0x0000000000000058       0x20 ./Core/Src/gpio.o
 .debug_aranges
                0x0000000000000078       0x88 ./Core/Src/main.o
 .debug_aranges
                0x0000000000000100       0x20 ./Core/Src/stm32f1xx_hal_msp.o
 .debug_aranges
                0x0000000000000120       0x88 ./Core/Src/stm32f1xx_it.o
 .debug_aranges
                0x00000000000001a8       0x28 ./Core/Src/system_stm32f1xx.o
 .debug_aranges
                0x00000000000001d0       0x50 ./Core/Src/tim.o
 .debug_aranges
                0x0000000000000220       0x28 ./Core/Startup/startup_stm32f103c8tx.o
 .debug_aranges
                0x0000000000000248       0xe0 ./Drivers/STM32F1xx_HAL_Driver/Src/stm32f1xx_hal.o
 .debug_aranges
                0x0000000000000328      0x138 ./Drivers/STM32F1xx_HAL_Driver/Src/stm32f1xx_hal_can.o
 .debug_aranges
                0x0000000000000460      0x100 ./Drivers/STM32F1xx_HAL_Driver/Src/stm32f1xx_hal_cortex.o
 .debug_aranges
                0x0000000000000560       0x58 ./Drivers/STM32F1xx_HAL_Driver/Src/stm32f1xx_hal_gpio.o
 .debug_aranges
                0x00000000000005b8       0x90 ./Drivers/STM32F1xx_HAL_Driver/Src/stm32f1xx_hal_rcc.o
 .debug_aranges
                0x0000000000000648      0x3d0 ./Drivers/STM32F1xx_HAL_Driver/Src/stm32f1xx_hal_tim.o
 .debug_aranges
                0x0000000000000a18      0x168 ./Drivers/STM32F1xx_HAL_Driver/Src/stm32f1xx_hal_tim_ex.o

.debug_ranges   0x0000000000000000      0xa88
 .debug_ranges  0x0000000000000000       0x18 ./Core/Src/PID.o
 .debug_ranges  0x0000000000000018       0x20 ./Core/Src/can.o
 .debug_ranges  0x0000000000000038       0x10 ./Core/Src/gpio.o
 .debug_ranges  0x0000000000000048       0x78 ./Core/Src/main.o
 .debug_ranges  0x00000000000000c0       0x10 ./Core/Src/stm32f1xx_hal_msp.o
 .debug_ranges  0x00000000000000d0       0x78 ./Core/Src/stm32f1xx_it.o
 .debug_ranges  0x0000000000000148       0x18 ./Core/Src/system_stm32f1xx.o
 .debug_ranges  0x0000000000000160       0x40 ./Core/Src/tim.o
 .debug_ranges  0x00000000000001a0       0x20 ./Core/Startup/startup_stm32f103c8tx.o
 .debug_ranges  0x00000000000001c0       0xd0 ./Drivers/STM32F1xx_HAL_Driver/Src/stm32f1xx_hal.o
 .debug_ranges  0x0000000000000290      0x128 ./Drivers/STM32F1xx_HAL_Driver/Src/stm32f1xx_hal_can.o
 .debug_ranges  0x00000000000003b8       0xf0 ./Drivers/STM32F1xx_HAL_Driver/Src/stm32f1xx_hal_cortex.o
 .debug_ranges  0x00000000000004a8       0x48 ./Drivers/STM32F1xx_HAL_Driver/Src/stm32f1xx_hal_gpio.o
 .debug_ranges  0x00000000000004f0       0x80 ./Drivers/STM32F1xx_HAL_Driver/Src/stm32f1xx_hal_rcc.o
 .debug_ranges  0x0000000000000570      0x3c0 ./Drivers/STM32F1xx_HAL_Driver/Src/stm32f1xx_hal_tim.o
 .debug_ranges  0x0000000000000930      0x158 ./Drivers/STM32F1xx_HAL_Driver/Src/stm32f1xx_hal_tim_ex.o

.debug_macro    0x0000000000000000    0x17af5
 .debug_macro   0x0000000000000000       0x1b ./Core/Src/PID.o
 .debug_macro   0x000000000000001b      0xa6c ./Core/Src/PID.o
 .debug_macro   0x0000000000000a87      0x1bc ./Core/Src/can.o
 .debug_macro   0x0000000000000c43      0x21b ./Core/Src/can.o
 .debug_macro   0x0000000000000e5e       0x2e ./Core/Src/can.o
 .debug_macro   0x0000000000000e8c       0x22 ./Core/Src/can.o
 .debug_macro   0x0000000000000eae       0x22 ./Core/Src/can.o
 .debug_macro   0x0000000000000ed0       0x8e ./Core/Src/can.o
 .debug_macro   0x0000000000000f5e       0x51 ./Core/Src/can.o
 .debug_macro   0x0000000000000faf      0x103 ./Core/Src/can.o
 .debug_macro   0x00000000000010b2       0x6a ./Core/Src/can.o
 .debug_macro   0x000000000000111c      0x1df ./Core/Src/can.o
 .debug_macro   0x00000000000012fb       0x1c ./Core/Src/can.o
 .debug_macro   0x0000000000001317       0x22 ./Core/Src/can.o
 .debug_macro   0x0000000000001339       0xbd ./Core/Src/can.o
 .debug_macro   0x00000000000013f6      0xd23 ./Core/Src/can.o
 .debug_macro   0x0000000000002119     0xe09e ./Core/Src/can.o
 .debug_macro   0x00000000000101b7       0x6d ./Core/Src/can.o
 .debug_macro   0x0000000000010224     0x3468 ./Core/Src/can.o
 .debug_macro   0x000000000001368c      0x174 ./Core/Src/can.o
 .debug_macro   0x0000000000013800       0x5c ./Core/Src/can.o
 .debug_macro   0x000000000001385c      0x5be ./Core/Src/can.o
 .debug_macro   0x0000000000013e1a      0x289 ./Core/Src/can.o
 .debug_macro   0x00000000000140a3      0x1cb ./Core/Src/can.o
 .debug_macro   0x000000000001426e      0x114 ./Core/Src/can.o
 .debug_macro   0x0000000000014382      0x1b2 ./Core/Src/can.o
 .debug_macro   0x0000000000014534       0x27 ./Core/Src/can.o
 .debug_macro   0x000000000001455b      0x136 ./Core/Src/can.o
 .debug_macro   0x0000000000014691      0x1bc ./Core/Src/can.o
 .debug_macro   0x000000000001484d       0x34 ./Core/Src/can.o
 .debug_macro   0x0000000000014881       0x3c ./Core/Src/can.o
 .debug_macro   0x00000000000148bd      0x408 ./Core/Src/can.o
 .debug_macro   0x0000000000014cc5       0x57 ./Core/Src/can.o
 .debug_macro   0x0000000000014d1c       0x88 ./Core/Src/can.o
 .debug_macro   0x0000000000014da4      0x241 ./Core/Src/can.o
 .debug_macro   0x0000000000014fe5      0x141 ./Core/Src/can.o
 .debug_macro   0x0000000000015126      0x8d1 ./Core/Src/can.o
 .debug_macro   0x00000000000159f7       0x83 ./Core/Src/can.o
 .debug_macro   0x0000000000015a7a       0xb8 ./Core/Src/can.o
 .debug_macro   0x0000000000015b32      0x1bc ./Core/Src/gpio.o
 .debug_macro   0x0000000000015cee      0x2b9 ./Core/Src/main.o
 .debug_macro   0x0000000000015fa7       0x52 ./Core/Src/main.o
 .debug_macro   0x0000000000015ff9       0x18 ./Core/Src/main.o
 .debug_macro   0x0000000000016011       0x3c ./Core/Src/main.o
 .debug_macro   0x000000000001604d       0x34 ./Core/Src/main.o
 .debug_macro   0x0000000000016081       0x16 ./Core/Src/main.o
 .debug_macro   0x0000000000016097       0x43 ./Core/Src/main.o
 .debug_macro   0x00000000000160da       0x34 ./Core/Src/main.o
 .debug_macro   0x000000000001610e       0x10 ./Core/Src/main.o
 .debug_macro   0x000000000001611e       0x58 ./Core/Src/main.o
 .debug_macro   0x0000000000016176       0x71 ./Core/Src/main.o
 .debug_macro   0x00000000000161e7       0x1c ./Core/Src/main.o
 .debug_macro   0x0000000000016203      0x12a ./Core/Src/main.o
 .debug_macro   0x000000000001632d      0x341 ./Core/Src/main.o
 .debug_macro   0x000000000001666e      0x19b ./Core/Src/main.o
 .debug_macro   0x0000000000016809      0x1b2 ./Core/Src/stm32f1xx_hal_msp.o
 .debug_macro   0x00000000000169bb      0x1bc ./Core/Src/stm32f1xx_it.o
 .debug_macro   0x0000000000016b77      0x1a3 ./Core/Src/system_stm32f1xx.o
 .debug_macro   0x0000000000016d1a      0x1bc ./Core/Src/tim.o
 .debug_macro   0x0000000000016ed6      0x1c7 ./Drivers/STM32F1xx_HAL_Driver/Src/stm32f1xx_hal.o
 .debug_macro   0x000000000001709d      0x1ab ./Drivers/STM32F1xx_HAL_Driver/Src/stm32f1xx_hal_can.o
 .debug_macro   0x0000000000017248      0x1a3 ./Drivers/STM32F1xx_HAL_Driver/Src/stm32f1xx_hal_cortex.o
 .debug_macro   0x00000000000173eb      0x20e ./Drivers/STM32F1xx_HAL_Driver/Src/stm32f1xx_hal_gpio.o
 .debug_macro   0x00000000000175f9      0x1b5 ./Drivers/STM32F1xx_HAL_Driver/Src/stm32f1xx_hal_rcc.o
 .debug_macro   0x00000000000177ae      0x1a4 ./Drivers/STM32F1xx_HAL_Driver/Src/stm32f1xx_hal_tim.o
 .debug_macro   0x0000000000017952      0x1a3 ./Drivers/STM32F1xx_HAL_Driver/Src/stm32f1xx_hal_tim_ex.o

.debug_line     0x0000000000000000     0xc160
 .debug_line    0x0000000000000000      0x155 ./Core/Src/PID.o
 .debug_line    0x0000000000000155      0x6e5 ./Core/Src/can.o
 .debug_line    0x000000000000083a      0x688 ./Core/Src/gpio.o
 .debug_line    0x0000000000000ec2      0xe7a ./Core/Src/main.o
 .debug_line    0x0000000000001d3c      0x64d ./Core/Src/stm32f1xx_hal_msp.o
 .debug_line    0x0000000000002389      0x788 ./Core/Src/stm32f1xx_it.o
 .debug_line    0x0000000000002b11      0x6cb ./Core/Src/system_stm32f1xx.o
 .debug_line    0x00000000000031dc      0x929 ./Core/Src/tim.o
 .debug_line    0x0000000000003b05       0x87 ./Core/Startup/startup_stm32f103c8tx.o
 .debug_line    0x0000000000003b8c      0x8f8 ./Drivers/STM32F1xx_HAL_Driver/Src/stm32f1xx_hal.o
 .debug_line    0x0000000000004484     0x1099 ./Drivers/STM32F1xx_HAL_Driver/Src/stm32f1xx_hal_can.o
 .debug_line    0x000000000000551d      0xae0 ./Drivers/STM32F1xx_HAL_Driver/Src/stm32f1xx_hal_cortex.o
 .debug_line    0x0000000000005ffd      0x98f ./Drivers/STM32F1xx_HAL_Driver/Src/stm32f1xx_hal_gpio.o
 .debug_line    0x000000000000698c      0xd06 ./Drivers/STM32F1xx_HAL_Driver/Src/stm32f1xx_hal_rcc.o
 .debug_line    0x0000000000007692     0x32ae ./Drivers/STM32F1xx_HAL_Driver/Src/stm32f1xx_hal_tim.o
 .debug_line    0x000000000000a940     0x1820 ./Drivers/STM32F1xx_HAL_Driver/Src/stm32f1xx_hal_tim_ex.o

.debug_str      0x0000000000000000    0x8a399
 .debug_str     0x0000000000000000     0x2d3d ./Core/Src/PID.o
                                       0x2d50 (size before relaxing)
 .debug_str     0x0000000000002d3d    0x811e7 ./Core/Src/can.o
                                      0x8427a (size before relaxing)
 .debug_str     0x0000000000083f24       0x68 ./Core/Src/gpio.o
                                      0x83eae (size before relaxing)
 .debug_str     0x0000000000083f8c     0x3f75 ./Core/Src/main.o
                                      0x87eec (size before relaxing)
 .debug_str     0x0000000000087f01       0x50 ./Core/Src/stm32f1xx_hal_msp.o
                                      0x83b2f (size before relaxing)
 .debug_str     0x0000000000087f51      0x161 ./Core/Src/stm32f1xx_it.o
                                      0x84330 (size before relaxing)
 .debug_str     0x00000000000880b2       0x7e ./Core/Src/system_stm32f1xx.o
                                      0x83886 (size before relaxing)
 .debug_str     0x0000000000088130      0x29c ./Core/Src/tim.o
                                      0x84685 (size before relaxing)
 .debug_str     0x00000000000883cc       0x36 ./Core/Startup/startup_stm32f103c8tx.o
                                         0x6d (size before relaxing)
 .debug_str     0x0000000000088402      0x378 ./Drivers/STM32F1xx_HAL_Driver/Src/stm32f1xx_hal.o
                                      0x83fb9 (size before relaxing)
 .debug_str     0x000000000008877a      0x3e8 ./Drivers/STM32F1xx_HAL_Driver/Src/stm32f1xx_hal_can.o
                                      0x84086 (size before relaxing)
 .debug_str     0x0000000000088b62      0x26c ./Drivers/STM32F1xx_HAL_Driver/Src/stm32f1xx_hal_cortex.o
                                      0x83f05 (size before relaxing)
 .debug_str     0x0000000000088dce      0x289 ./Drivers/STM32F1xx_HAL_Driver/Src/stm32f1xx_hal_gpio.o
                                      0x83c0c (size before relaxing)
 .debug_str     0x0000000000089057      0x229 ./Drivers/STM32F1xx_HAL_Driver/Src/stm32f1xx_hal_rcc.o
                                      0x83cb5 (size before relaxing)
 .debug_str     0x0000000000089280      0xd38 ./Drivers/STM32F1xx_HAL_Driver/Src/stm32f1xx_hal_tim.o
                                      0x84ca0 (size before relaxing)
 .debug_str     0x0000000000089fb8      0x3e1 ./Drivers/STM32F1xx_HAL_Driver/Src/stm32f1xx_hal_tim_ex.o
                                      0x844bc (size before relaxing)

.comment        0x0000000000000000       0x50
 .comment       0x0000000000000000       0x50 ./Core/Src/PID.o
                                         0x51 (size before relaxing)
 .comment       0x0000000000000050       0x51 ./Core/Src/can.o
 .comment       0x0000000000000050       0x51 ./Core/Src/gpio.o
 .comment       0x0000000000000050       0x51 ./Core/Src/main.o
 .comment       0x0000000000000050       0x51 ./Core/Src/stm32f1xx_hal_msp.o
 .comment       0x0000000000000050       0x51 ./Core/Src/stm32f1xx_it.o
 .comment       0x0000000000000050       0x51 ./Core/Src/system_stm32f1xx.o
 .comment       0x0000000000000050       0x51 ./Core/Src/tim.o
 .comment       0x0000000000000050       0x51 ./Drivers/STM32F1xx_HAL_Driver/Src/stm32f1xx_hal.o
 .comment       0x0000000000000050       0x51 ./Drivers/STM32F1xx_HAL_Driver/Src/stm32f1xx_hal_can.o
 .comment       0x0000000000000050       0x51 ./Drivers/STM32F1xx_HAL_Driver/Src/stm32f1xx_hal_cortex.o
 .comment       0x0000000000000050       0x51 ./Drivers/STM32F1xx_HAL_Driver/Src/stm32f1xx_hal_gpio.o
 .comment       0x0000000000000050       0x51 ./Drivers/STM32F1xx_HAL_Driver/Src/stm32f1xx_hal_rcc.o
 .comment       0x0000000000000050       0x51 ./Drivers/STM32F1xx_HAL_Driver/Src/stm32f1xx_hal_tim.o
 .comment       0x0000000000000050       0x51 ./Drivers/STM32F1xx_HAL_Driver/Src/stm32f1xx_hal_tim_ex.o

.debug_frame    0x0000000000000000     0x3194
 .debug_frame   0x0000000000000000       0x64 ./Core/Src/PID.o
 .debug_frame   0x0000000000000064       0x7c ./Core/Src/can.o
 .debug_frame   0x00000000000000e0       0x34 ./Core/Src/gpio.o
 .debug_frame   0x0000000000000114      0x1f0 ./Core/Src/main.o
 .debug_frame   0x0000000000000304       0x38 ./Core/Src/stm32f1xx_hal_msp.o
 .debug_frame   0x000000000000033c      0x190 ./Core/Src/stm32f1xx_it.o
 .debug_frame   0x00000000000004cc       0x58 ./Core/Src/system_stm32f1xx.o
 .debug_frame   0x0000000000000524      0x10c ./Core/Src/tim.o
 .debug_frame   0x0000000000000630      0x334 ./Drivers/STM32F1xx_HAL_Driver/Src/stm32f1xx_hal.o
 .debug_frame   0x0000000000000964      0x5a0 ./Drivers/STM32F1xx_HAL_Driver/Src/stm32f1xx_hal_can.o
 .debug_frame   0x0000000000000f04      0x428 ./Drivers/STM32F1xx_HAL_Driver/Src/stm32f1xx_hal_cortex.o
 .debug_frame   0x000000000000132c      0x14c ./Drivers/STM32F1xx_HAL_Driver/Src/stm32f1xx_hal_gpio.o
 .debug_frame   0x0000000000001478      0x21c ./Drivers/STM32F1xx_HAL_Driver/Src/stm32f1xx_hal_rcc.o
 .debug_frame   0x0000000000001694     0x11b8 ./Drivers/STM32F1xx_HAL_Driver/Src/stm32f1xx_hal_tim.o
 .debug_frame   0x000000000000284c      0x638 ./Drivers/STM32F1xx_HAL_Driver/Src/stm32f1xx_hal_tim_ex.o
 .debug_frame   0x0000000000002e84       0x2c /opt/st/stm32cubeide_1.10.1/plugins/com.st.stm32cube.ide.mcu.externaltools.gnu-tools-for-stm32.10.3-2021.10.linux64_1.0.0.202111181127/tools/bin/../lib/gcc/arm-none-eabi/10.3.1/../../../../arm-none-eabi/lib/thumb/v7-m/nofp/libc_nano.a(lib_a-init.o)
 .debug_frame   0x0000000000002eb0       0x20 /opt/st/stm32cubeide_1.10.1/plugins/com.st.stm32cube.ide.mcu.externaltools.gnu-tools-for-stm32.10.3-2021.10.linux64_1.0.0.202111181127/tools/bin/../lib/gcc/arm-none-eabi/10.3.1/../../../../arm-none-eabi/lib/thumb/v7-m/nofp/libc_nano.a(lib_a-memset.o)
 .debug_frame   0x0000000000002ed0       0x30 /opt/st/stm32cubeide_1.10.1/plugins/com.st.stm32cube.ide.mcu.externaltools.gnu-tools-for-stm32.10.3-2021.10.linux64_1.0.0.202111181127/tools/bin/../lib/gcc/arm-none-eabi/10.3.1/../../../../arm-none-eabi/lib/thumb/v7-m/nofp/libm.a(lib_a-s_round.o)
 .debug_frame   0x0000000000002f00       0x30 /opt/st/stm32cubeide_1.10.1/plugins/com.st.stm32cube.ide.mcu.externaltools.gnu-tools-for-stm32.10.3-2021.10.linux64_1.0.0.202111181127/tools/bin/../lib/gcc/arm-none-eabi/10.3.1/thumb/v7-m/nofp/libgcc.a(_arm_muldf3.o)
 .debug_frame   0x0000000000002f30       0xac /opt/st/stm32cubeide_1.10.1/plugins/com.st.stm32cube.ide.mcu.externaltools.gnu-tools-for-stm32.10.3-2021.10.linux64_1.0.0.202111181127/tools/bin/../lib/gcc/arm-none-eabi/10.3.1/thumb/v7-m/nofp/libgcc.a(_arm_addsubdf3.o)
 .debug_frame   0x0000000000002fdc       0x24 /opt/st/stm32cubeide_1.10.1/plugins/com.st.stm32cube.ide.mcu.externaltools.gnu-tools-for-stm32.10.3-2021.10.linux64_1.0.0.202111181127/tools/bin/../lib/gcc/arm-none-eabi/10.3.1/thumb/v7-m/nofp/libgcc.a(_arm_fixunsdfsi.o)
 .debug_frame   0x0000000000003000       0x24 /opt/st/stm32cubeide_1.10.1/plugins/com.st.stm32cube.ide.mcu.externaltools.gnu-tools-for-stm32.10.3-2021.10.linux64_1.0.0.202111181127/tools/bin/../lib/gcc/arm-none-eabi/10.3.1/thumb/v7-m/nofp/libgcc.a(_arm_truncdfsf2.o)
 .debug_frame   0x0000000000003024       0x4c /opt/st/stm32cubeide_1.10.1/plugins/com.st.stm32cube.ide.mcu.externaltools.gnu-tools-for-stm32.10.3-2021.10.linux64_1.0.0.202111181127/tools/bin/../lib/gcc/arm-none-eabi/10.3.1/thumb/v7-m/nofp/libgcc.a(_arm_addsubsf3.o)
 .debug_frame   0x0000000000003070       0x38 /opt/st/stm32cubeide_1.10.1/plugins/com.st.stm32cube.ide.mcu.externaltools.gnu-tools-for-stm32.10.3-2021.10.linux64_1.0.0.202111181127/tools/bin/../lib/gcc/arm-none-eabi/10.3.1/thumb/v7-m/nofp/libgcc.a(_arm_muldivsf3.o)
 .debug_frame   0x00000000000030a8       0xc8 /opt/st/stm32cubeide_1.10.1/plugins/com.st.stm32cube.ide.mcu.externaltools.gnu-tools-for-stm32.10.3-2021.10.linux64_1.0.0.202111181127/tools/bin/../lib/gcc/arm-none-eabi/10.3.1/thumb/v7-m/nofp/libgcc.a(_arm_cmpsf2.o)
 .debug_frame   0x0000000000003170       0x24 /opt/st/stm32cubeide_1.10.1/plugins/com.st.stm32cube.ide.mcu.externaltools.gnu-tools-for-stm32.10.3-2021.10.linux64_1.0.0.202111181127/tools/bin/../lib/gcc/arm-none-eabi/10.3.1/thumb/v7-m/nofp/libgcc.a(_arm_fixunssfsi.o)
