../Core/Src/main.c:93:7:map	32	static
../Core/Src/main.c:99:6:HAL_CAN_RxFifo1MsgPendingCallback	24	static
../Core/Src/main.c:135:6:servo_rotation	24	static
../Core/Src/main.c:151:10:encoder	16	static
../Core/Src/main.c:215:7:Motors_RPS	32	static
../Core/Src/main.c:265:5:main	8	static
../Core/Src/main.c:336:6:SystemClock_Config	72	static
../Core/Src/main.c:372:6:HAL_GPIO_EXTI_Callback	16	static
../Core/Src/main.c:387:6:HAL_TIM_PeriodElapsedCallback	40	static
../Core/Src/main.c:456:6:Error_Handler	4	static,ignoring_inline_asm
