../Core/Src/main.c:133:7:map	32	static
../Core/Src/main.c:139:6:servo_rotation	24	static
../Core/Src/main.c:145:6:HAL_CAN_RxFifo1MsgPendingCallback	24	static
../Core/Src/main.c:217:6:prepare_function	8	static
../Core/Src/main.c:293:6:reload_function	8	static
../Core/Src/main.c:364:6:start_fucntion	8	static
../Core/Src/main.c:386:6:shoot_function	16	static
../Core/Src/main.c:407:10:encoder	16	static
../Core/Src/main.c:471:7:Motors_RPS	32	static
../Core/Src/main.c:521:5:main	8	static
../Core/Src/main.c:619:6:SystemClock_Config	72	static
../Core/Src/main.c:655:6:HAL_GPIO_EXTI_Callback	16	static
../Core/Src/main.c:670:6:HAL_TIM_PeriodElapsedCallback	40	static
../Core/Src/main.c:806:6:Error_Handler	4	static,ignoring_inline_asm
